Component: ARM Compiler 5.06 update 1 (build 61) Tool: armlink [4d35a8]

==============================================================================

Section Cross References

    mainprojet.o(i.Init_I2C) refers to i2c_stm32f4xx.o(.constdata) for Driver_I2C1
    mainprojet.o(i.Init_UART) refers to usart_stm32f4xx.o(.constdata) for Driver_USART3
    mainprojet.o(i.main) refers to _printf_percent.o(.ARM.Collect$$_printf_percent$$00000000) for _printf_percent
    mainprojet.o(i.main) refers to _printf_d.o(.ARM.Collect$$_printf_percent$$00000009) for _printf_d
    mainprojet.o(i.main) refers to _printf_dec.o(.text) for _printf_int_dec
    mainprojet.o(i.main) refers to led_f4discovery.o(i.LED_Initialize) for LED_Initialize
    mainprojet.o(i.main) refers to mainprojet.o(i.Init_I2C) for Init_I2C
    mainprojet.o(i.main) refers to mainprojet.o(i.Init_UART) for Init_UART
    mainprojet.o(i.main) refers to mainprojet.o(i.write1byte) for write1byte
    mainprojet.o(i.main) refers to mainprojet.o(i.writeCmd) for writeCmd
    mainprojet.o(i.main) refers to mainprojet.o(i.readNBytes) for readNBytes
    mainprojet.o(i.main) refers to noretval__2sprintf.o(.text) for __2sprintf
    mainprojet.o(i.main) refers to led_f4discovery.o(i.LED_On) for LED_On
    mainprojet.o(i.main) refers to led_f4discovery.o(i.LED_Off) for LED_Off
    mainprojet.o(i.main) refers to mainprojet.o(.bss) for dataLue
    mainprojet.o(i.main) refers to usart_stm32f4xx.o(.constdata) for Driver_USART3
    mainprojet.o(i.readNBytes) refers to i2c_stm32f4xx.o(.constdata) for Driver_I2C1
    mainprojet.o(i.readNBytes) refers to mainprojet.o(.bss) for dataLue
    mainprojet.o(i.write1byte) refers to i2c_stm32f4xx.o(.constdata) for Driver_I2C1
    mainprojet.o(i.writeCmd) refers to i2c_stm32f4xx.o(.constdata) for Driver_I2C1
    led_f4discovery.o(i.LED_Initialize) refers to stm32f4xx_hal_gpio.o(i.HAL_GPIO_Init) for HAL_GPIO_Init
    led_f4discovery.o(i.LED_Off) refers to stm32f4xx_hal_gpio.o(i.HAL_GPIO_WritePin) for HAL_GPIO_WritePin
    led_f4discovery.o(i.LED_Off) refers to led_f4discovery.o(.constdata) for LED_PIN
    led_f4discovery.o(i.LED_On) refers to stm32f4xx_hal_gpio.o(i.HAL_GPIO_WritePin) for HAL_GPIO_WritePin
    led_f4discovery.o(i.LED_On) refers to led_f4discovery.o(.constdata) for LED_PIN
    led_f4discovery.o(i.LED_SetOut) refers to led_f4discovery.o(i.LED_On) for LED_On
    led_f4discovery.o(i.LED_SetOut) refers to led_f4discovery.o(i.LED_Off) for LED_Off
    led_f4discovery.o(i.LED_Uninitialize) refers to stm32f4xx_hal_gpio.o(i.HAL_GPIO_DeInit) for HAL_GPIO_DeInit
    i2c_stm32f4xx.o(i.I2C1_Control) refers to i2c_stm32f4xx.o(i.I2C_Control) for I2C_Control
    i2c_stm32f4xx.o(i.I2C1_Control) refers to i2c_stm32f4xx.o(.constdata) for I2C1_Resources
    i2c_stm32f4xx.o(i.I2C1_ER_IRQHandler) refers to i2c_stm32f4xx.o(i.I2C_ER_IRQHandler) for I2C_ER_IRQHandler
    i2c_stm32f4xx.o(i.I2C1_ER_IRQHandler) refers to i2c_stm32f4xx.o(.constdata) for I2C1_Resources
    i2c_stm32f4xx.o(i.I2C1_EV_IRQHandler) refers to i2c_stm32f4xx.o(i.I2C_EV_IRQHandler) for I2C_EV_IRQHandler
    i2c_stm32f4xx.o(i.I2C1_EV_IRQHandler) refers to i2c_stm32f4xx.o(.constdata) for I2C1_Resources
    i2c_stm32f4xx.o(i.I2C1_GetDataCount) refers to i2c_stm32f4xx.o(i.I2C_GetDataCount) for I2C_GetDataCount
    i2c_stm32f4xx.o(i.I2C1_GetDataCount) refers to i2c_stm32f4xx.o(.constdata) for I2C1_Resources
    i2c_stm32f4xx.o(i.I2C1_GetStatus) refers to i2c_stm32f4xx.o(i.I2C_GetStatus) for I2C_GetStatus
    i2c_stm32f4xx.o(i.I2C1_GetStatus) refers to i2c_stm32f4xx.o(.constdata) for I2C1_Resources
    i2c_stm32f4xx.o(i.I2C1_Initialize) refers to i2c_stm32f4xx.o(i.I2C_Initialize) for I2C_Initialize
    i2c_stm32f4xx.o(i.I2C1_Initialize) refers to i2c_stm32f4xx.o(.constdata) for I2C1_Resources
    i2c_stm32f4xx.o(i.I2C1_MasterReceive) refers to i2c_stm32f4xx.o(i.I2C_MasterReceive) for I2C_MasterReceive
    i2c_stm32f4xx.o(i.I2C1_MasterReceive) refers to i2c_stm32f4xx.o(.constdata) for I2C1_Resources
    i2c_stm32f4xx.o(i.I2C1_MasterTransmit) refers to i2c_stm32f4xx.o(i.I2C_MasterTransmit) for I2C_MasterTransmit
    i2c_stm32f4xx.o(i.I2C1_MasterTransmit) refers to i2c_stm32f4xx.o(.constdata) for I2C1_Resources
    i2c_stm32f4xx.o(i.I2C1_PowerControl) refers to i2c_stm32f4xx.o(i.I2C_PowerControl) for I2C_PowerControl
    i2c_stm32f4xx.o(i.I2C1_PowerControl) refers to i2c_stm32f4xx.o(.constdata) for I2C1_Resources
    i2c_stm32f4xx.o(i.I2C1_SlaveReceive) refers to i2c_stm32f4xx.o(i.I2C_SlaveReceive) for I2C_SlaveReceive
    i2c_stm32f4xx.o(i.I2C1_SlaveReceive) refers to i2c_stm32f4xx.o(.constdata) for I2C1_Resources
    i2c_stm32f4xx.o(i.I2C1_SlaveTransmit) refers to i2c_stm32f4xx.o(i.I2C_SlaveTransmit) for I2C_SlaveTransmit
    i2c_stm32f4xx.o(i.I2C1_SlaveTransmit) refers to i2c_stm32f4xx.o(.constdata) for I2C1_Resources
    i2c_stm32f4xx.o(i.I2C1_Uninitialize) refers to i2c_stm32f4xx.o(i.I2C_Uninitialize) for I2C_Uninitialize
[...]
    Removing stm32f4xx_hal_pwr.o(i.HAL_PWR_PVD_IRQHandler), (32 bytes).
    Removing stm32f4xx_hal_pwr_ex.o(.rev16_text), (4 bytes).
    Removing stm32f4xx_hal_pwr_ex.o(.revsh_text), (4 bytes).
    Removing stm32f4xx_hal_pwr_ex.o(.rrx_text), (6 bytes).
    Removing stm32f4xx_hal_pwr_ex.o(i.HAL_PWREx_ControlVoltageScaling), (120 bytes).
    Removing stm32f4xx_hal_pwr_ex.o(i.HAL_PWREx_DisableBkUpReg), (60 bytes).
    Removing stm32f4xx_hal_pwr_ex.o(i.HAL_PWREx_DisableFlashPowerDown), (12 bytes).
    Removing stm32f4xx_hal_pwr_ex.o(i.HAL_PWREx_EnableBkUpReg), (60 bytes).
    Removing stm32f4xx_hal_pwr_ex.o(i.HAL_PWREx_EnableFlashPowerDown), (12 bytes).
    Removing stm32f4xx_hal_pwr_ex.o(i.HAL_PWREx_GetVoltageRange), (16 bytes).
    Removing stm32f4xx_hal_rcc.o(.rev16_text), (4 bytes).
    Removing stm32f4xx_hal_rcc.o(.revsh_text), (4 bytes).
    Removing stm32f4xx_hal_rcc.o(.rrx_text), (6 bytes).
    Removing stm32f4xx_hal_rcc.o(i.HAL_RCC_CSSCallback), (2 bytes).
    Removing stm32f4xx_hal_rcc.o(i.HAL_RCC_ClockConfig), (384 bytes).
    Removing stm32f4xx_hal_rcc.o(i.HAL_RCC_DeInit), (4 bytes).
    Removing stm32f4xx_hal_rcc.o(i.HAL_RCC_DisableCSS), (12 bytes).
    Removing stm32f4xx_hal_rcc.o(i.HAL_RCC_EnableCSS), (12 bytes).
    Removing stm32f4xx_hal_rcc.o(i.HAL_RCC_GetClockConfig), (68 bytes).
    Removing stm32f4xx_hal_rcc.o(i.HAL_RCC_GetOscConfig), (244 bytes).
    Removing stm32f4xx_hal_rcc.o(i.HAL_RCC_GetPCLK2Freq), (32 bytes).
    Removing stm32f4xx_hal_rcc.o(i.HAL_RCC_GetSysClockFreq), (176 bytes).
    Removing stm32f4xx_hal_rcc.o(i.HAL_RCC_MCOConfig), (192 bytes).
    Removing stm32f4xx_hal_rcc.o(i.HAL_RCC_NMI_IRQHandler), (32 bytes).
    Removing stm32f4xx_hal_rcc.o(i.HAL_RCC_OscConfig), (1096 bytes).
    Removing stm32f4xx_hal_rcc_ex.o(.rev16_text), (4 bytes).
    Removing stm32f4xx_hal_rcc_ex.o(.revsh_text), (4 bytes).
    Removing stm32f4xx_hal_rcc_ex.o(.rrx_text), (6 bytes).
    Removing stm32f4xx_hal_rcc_ex.o(i.HAL_RCCEx_DisablePLLI2S), (56 bytes).
    Removing stm32f4xx_hal_rcc_ex.o(i.HAL_RCCEx_EnablePLLI2S), (112 bytes).
    Removing stm32f4xx_hal_rcc_ex.o(i.HAL_RCCEx_GetPeriphCLKConfig), (56 bytes).
    Removing stm32f4xx_hal_rcc_ex.o(i.HAL_RCCEx_GetPeriphCLKFreq), (144 bytes).
    Removing stm32f4xx_hal_rcc_ex.o(i.HAL_RCCEx_PeriphCLKConfig), (416 bytes).
    Removing stm32f4xx_hal_rcc_ex.o(i.HAL_RCC_DeInit), (376 bytes).
    Removing stm32f4xx_hal_usart.o(.rev16_text), (4 bytes).
    Removing stm32f4xx_hal_usart.o(.revsh_text), (4 bytes).
    Removing stm32f4xx_hal_usart.o(.rrx_text), (6 bytes).
    Removing stm32f4xx_hal_usart.o(i.HAL_USART_Abort), (126 bytes).
    Removing stm32f4xx_hal_usart.o(i.HAL_USART_AbortCpltCallback), (2 bytes).
    Removing stm32f4xx_hal_usart.o(i.HAL_USART_Abort_IT), (220 bytes).
    Removing stm32f4xx_hal_usart.o(i.HAL_USART_DMAPause), (50 bytes).
    Removing stm32f4xx_hal_usart.o(i.HAL_USART_DMAResume), (50 bytes).
    Removing stm32f4xx_hal_usart.o(i.HAL_USART_DMAStop), (102 bytes).
    Removing stm32f4xx_hal_usart.o(i.HAL_USART_DeInit), (54 bytes).
    Removing stm32f4xx_hal_usart.o(i.HAL_USART_ErrorCallback), (2 bytes).
    Removing stm32f4xx_hal_usart.o(i.HAL_USART_GetError), (6 bytes).
    Removing stm32f4xx_hal_usart.o(i.HAL_USART_GetState), (8 bytes).
    Removing stm32f4xx_hal_usart.o(i.HAL_USART_IRQHandler), (384 bytes).
    Removing stm32f4xx_hal_usart.o(i.HAL_USART_Init), (90 bytes).
    Removing stm32f4xx_hal_usart.o(i.HAL_USART_MspDeInit), (2 bytes).
    Removing stm32f4xx_hal_usart.o(i.HAL_USART_MspInit), (2 bytes).
    Removing stm32f4xx_hal_usart.o(i.HAL_USART_Receive), (278 bytes).
    Removing stm32f4xx_hal_usart.o(i.HAL_USART_Receive_DMA), (248 bytes).
    Removing stm32f4xx_hal_usart.o(i.HAL_USART_Receive_IT), (108 bytes).
    Removing stm32f4xx_hal_usart.o(i.HAL_USART_RxCpltCallback), (2 bytes).
    Removing stm32f4xx_hal_usart.o(i.HAL_USART_RxHalfCpltCallback), (2 bytes).
    Removing stm32f4xx_hal_usart.o(i.HAL_USART_Transmit), (214 bytes).
    Removing stm32f4xx_hal_usart.o(i.HAL_USART_TransmitReceive), (320 bytes).
    Removing stm32f4xx_hal_usart.o(i.HAL_USART_TransmitReceive_DMA), (268 bytes).
    Removing stm32f4xx_hal_usart.o(i.HAL_USART_TransmitReceive_IT), (132 bytes).
    Removing stm32f4xx_hal_usart.o(i.HAL_USART_Transmit_DMA), (156 bytes).
    Removing stm32f4xx_hal_usart.o(i.HAL_USART_Transmit_IT), (88 bytes).
    Removing stm32f4xx_hal_usart.o(i.HAL_USART_TxCpltCallback), (2 bytes).
    Removing stm32f4xx_hal_usart.o(i.HAL_USART_TxHalfCpltCallback), (2 bytes).
    Removing stm32f4xx_hal_usart.o(i.HAL_USART_TxRxCpltCallback), (2 bytes).
    Removing stm32f4xx_hal_usart.o(i.USART_DMAAbortOnError), (20 bytes).
    Removing stm32f4xx_hal_usart.o(i.USART_DMAError), (84 bytes).
    Removing stm32f4xx_hal_usart.o(i.USART_DMAReceiveCplt), (122 bytes).
    Removing stm32f4xx_hal_usart.o(i.USART_DMARxAbortCallback), (48 bytes).
    Removing stm32f4xx_hal_usart.o(i.USART_DMARxHalfCplt), (14 bytes).
    Removing stm32f4xx_hal_usart.o(i.USART_DMATransmitCplt), (70 bytes).
    Removing stm32f4xx_hal_usart.o(i.USART_DMATxAbortCallback), (48 bytes).
    Removing stm32f4xx_hal_usart.o(i.USART_DMATxHalfCplt), (14 bytes).
    Removing stm32f4xx_hal_usart.o(i.USART_EndRxTransfer), (32 bytes).
    Removing stm32f4xx_hal_usart.o(i.USART_EndTransmit_IT), (44 bytes).
    Removing stm32f4xx_hal_usart.o(i.USART_EndTxTransfer), (20 bytes).
    Removing stm32f4xx_hal_usart.o(i.USART_Receive_IT), (194 bytes).
    Removing stm32f4xx_hal_usart.o(i.USART_SetConfig), (496 bytes).
    Removing stm32f4xx_hal_usart.o(i.USART_TransmitReceive_IT), (270 bytes).
    Removing stm32f4xx_hal_usart.o(i.USART_Transmit_IT), (104 bytes).
    Removing stm32f4xx_hal_usart.o(i.USART_WaitOnFlagUntilTimeout), (128 bytes).
    Removing system_stm32f4xx.o(.rev16_text), (4 bytes).
    Removing system_stm32f4xx.o(.revsh_text), (4 bytes).
    Removing system_stm32f4xx.o(.rrx_text), (6 bytes).
    Removing system_stm32f4xx.o(i.SystemCoreClockUpdate), (192 bytes).

272 unused section(s) (total 33276 bytes) removed from the image.

==============================================================================

Image Symbol Table

    Local Symbols

    Symbol Name                              Value     Ov Type        Size  Object(Section)

    ../clib/angel/boardlib.s                 0x00000000   Number         0  boardshut.o ABSOLUTE
    ../clib/angel/boardlib.s                 0x00000000   Number         0  boardinit1.o ABSOLUTE
    ../clib/angel/boardlib.s                 0x00000000   Number         0  boardinit2.o ABSOLUTE
    ../clib/angel/boardlib.s                 0x00000000   Number         0  boardinit3.o ABSOLUTE
    ../clib/angel/handlers.s                 0x00000000   Number         0  __scatter_copy.o ABSOLUTE
    ../clib/angel/handlers.s                 0x00000000   Number         0  __scatter_zi.o ABSOLUTE
    ../clib/angel/kernel.s                   0x00000000   Number         0  __rtentry.o ABSOLUTE
    ../clib/angel/kernel.s                   0x00000000   Number         0  rtexit2.o ABSOLUTE
    ../clib/angel/kernel.s                   0x00000000   Number         0  rtexit.o ABSOLUTE
    ../clib/angel/kernel.s                   0x00000000   Number         0  __rtentry2.o ABSOLUTE
    ../clib/angel/kernel.s                   0x00000000   Number         0  __rtentry4.o ABSOLUTE
    ../clib/angel/rt.s                       0x00000000   Number         0  aeabi_ldiv0.o ABSOLUTE
    ../clib/angel/rt.s                       0x00000000   Number         0  rt_raise.o ABSOLUTE
    ../clib/angel/rt.s                       0x00000000   Number         0  aeabi_ldiv0_sigfpe.o ABSOLUTE
    ../clib/angel/rt.s                       0x00000000   Number         0  rt_div0.o ABSOLUTE
    ../clib/angel/scatter.s                  0x00000000   Number         0  __scatter.o ABSOLUTE
    ../clib/angel/startup.s                  0x00000000   Number         0  __main.o ABSOLUTE
    ../clib/angel/sys.s                      0x00000000   Number         0  sys_stackheap_outer.o ABSOLUTE
    ../clib/angel/sys.s                      0x00000000   Number         0  indicate_semi.o ABSOLUTE
    ../clib/angel/sys.s                      0x00000000   Number         0  use_no_semi.o ABSOLUTE
    ../clib/angel/sys.s                      0x00000000   Number         0  libspace.o ABSOLUTE
    ../clib/angel/sysapp.c                   0x00000000   Number         0  sys_command.o ABSOLUTE
    ../clib/angel/sysapp.c                   0x00000000   Number         0  sys_wrch.o ABSOLUTE
    ../clib/angel/sysapp.c                   0x00000000   Number         0  sys_exit.o ABSOLUTE
    ../clib/armsys.c                         0x00000000   Number         0  argv_veneer.o ABSOLUTE
    ../clib/armsys.c                         0x00000000   Number         0  no_argv.o ABSOLUTE
    ../clib/armsys.c                         0x00000000   Number         0  _get_argv_nomalloc.o ABSOLUTE
    ../clib/armsys.c                         0x00000000   Number         0  argv_veneer.o ABSOLUTE
    ../clib/heapalloc.c                      0x00000000   Number         0  hrguard.o ABSOLUTE
    ../clib/heapaux.c                        0x00000000   Number         0  heapauxi.o ABSOLUTE
    ../clib/libinit.s                        0x00000000   Number         0  libinit.o ABSOLUTE
    ../clib/libinit.s                        0x00000000   Number         0  libshutdown.o ABSOLUTE
    ../clib/libinit.s                        0x00000000   Number         0  libshutdown2.o ABSOLUTE
    ../clib/libinit.s                        0x00000000   Number         0  libinit2.o ABSOLUTE
    ../clib/longlong.s                       0x00000000   Number         0  lludivv7m.o ABSOLUTE
    ../clib/memcpset.s                       0x00000000   Number         0  rt_memclr_w.o ABSOLUTE
    ../clib/printf.c                         0x00000000   Number         0  _printf_dec.o ABSOLUTE
    ../clib/printf.c                         0x00000000   Number         0  __printf_ss_wp.o ABSOLUTE
    ../clib/printf.c                         0x00000000   Number         0  __printf_flags_ss_wp.o ABSOLUTE
    ../clib/printf.c                         0x00000000   Number         0  __printf_nopercent.o ABSOLUTE
    ../clib/printf.c                         0x00000000   Number         0  _printf_intcommon.o ABSOLUTE
    ../clib/printf.c                         0x00000000   Number         0  __printf_flags_wp.o ABSOLUTE
    ../clib/printf.c                         0x00000000   Number         0  _sputc.o ABSOLUTE
    ../clib/printf.c                         0x00000000   Number         0  __printf_ss.o ABSOLUTE
    ../clib/printf.c                         0x00000000   Number         0  __2sprintf.o ABSOLUTE
    ../clib/printf.c                         0x00000000   Number         0  noretval__2sprintf.o ABSOLUTE
    ../clib/printf.c                         0x00000000   Number         0  __printf_flags_ss.o ABSOLUTE
    ../clib/printf.c                         0x00000000   Number         0  _printf_char_common.o ABSOLUTE
    ../clib/printf.c                         0x00000000   Number         0  __printf.o ABSOLUTE
    ../clib/printf.c                         0x00000000   Number         0  __printf_wp.o ABSOLUTE
    ../clib/printf.c                         0x00000000   Number         0  __printf_flags.o ABSOLUTE
    ../clib/printf_percent.s                 0x00000000   Number         0  _printf_d.o ABSOLUTE
    ../clib/printf_percent.s                 0x00000000   Number         0  _printf_percent_end.o ABSOLUTE
    ../clib/printf_percent.s                 0x00000000   Number         0  _printf_percent.o ABSOLUTE
    ../clib/signal.c                         0x00000000   Number         0  defsig_segv_inner.o ABSOLUTE
    ../clib/signal.c                         0x00000000   Number         0  defsig_cppl_inner.o ABSOLUTE
    ../clib/signal.c                         0x00000000   Number         0  defsig_pvfn_inner.o ABSOLUTE
    ../clib/signal.c                         0x00000000   Number         0  defsig_stak_inner.o ABSOLUTE
    ../clib/signal.c                         0x00000000   Number         0  defsig_rtmem_formal.o ABSOLUTE
    ../clib/signal.c                         0x00000000   Number         0  defsig_rtmem_inner.o ABSOLUTE
    ../clib/signal.c                         0x00000000   Number         0  defsig_rtmem_outer.o ABSOLUTE
    ../clib/signal.c                         0x00000000   Number         0  defsig_abrt_inner.o ABSOLUTE
    ../clib/signal.c                         0x00000000   Number         0  defsig_fpe_inner.o ABSOLUTE
    ../clib/signal.c                         0x00000000   Number         0  defsig_exit.o ABSOLUTE
    ../clib/signal.c                         0x00000000   Number         0  defsig_fpe_formal.o ABSOLUTE
    ../clib/signal.c                         0x00000000   Number         0  defsig_general.o ABSOLUTE
    ../clib/signal.c                         0x00000000   Number         0  defsig_other.o ABSOLUTE
    ../clib/signal.c                         0x00000000   Number         0  __raise.o ABSOLUTE
    ../clib/signal.c                         0x00000000   Number         0  defsig_fpe_outer.o ABSOLUTE
    ../clib/signal.c                         0x00000000   Number         0  defsig_rtred_inner.o ABSOLUTE
    ../clib/signal.s                         0x00000000   Number         0  defsig.o ABSOLUTE
    ../clib/stdlib.c                         0x00000000   Number         0  exit.o ABSOLUTE
    ../fplib/fpinit.s                        0x00000000   Number         0  fpinit.o ABSOLUTE
    C:\Keil_v5\ARM\PACK\Keil\STM32F4xx_DFP\2.14.0\CMSIS\Driver\I2C_STM32F4xx.c 0x00000000   Number         0  i2c_stm32f4xx.o ABSOLUTE
    C:\Keil_v5\ARM\PACK\Keil\STM32F4xx_DFP\2.14.0\CMSIS\Driver\USART_STM32F4xx.c 0x00000000   Number         0  usart_stm32f4xx.o ABSOLUTE
    C:\Keil_v5\ARM\PACK\Keil\STM32F4xx_DFP\2.14.0\Drivers\STM32F4xx_HAL_Driver\Src\stm32f4xx_hal.c 0x00000000   Number         0  stm32f4xx_hal.o ABSOLUTE
    C:\Keil_v5\ARM\PACK\Keil\STM32F4xx_DFP\2.14.0\Drivers\STM32F4xx_HAL_Driver\Src\stm32f4xx_hal_cortex.c 0x00000000   Number         0  stm32f4xx_hal_cortex.o ABSOLUTE
    C:\Keil_v5\ARM\PACK\Keil\STM32F4xx_DFP\2.14.0\Drivers\STM32F4xx_HAL_Driver\Src\stm32f4xx_hal_dma.c 0x00000000   Number         0  stm32f4xx_hal_dma.o ABSOLUTE
    C:\Keil_v5\ARM\PACK\Keil\STM32F4xx_DFP\2.14.0\Drivers\STM32F4xx_HAL_Driver\Src\stm32f4xx_hal_dma_ex.c 0x00000000   Number         0  stm32f4xx_hal_dma_ex.o ABSOLUTE
    C:\Keil_v5\ARM\PACK\Keil\STM32F4xx_DFP\2.14.0\Drivers\STM32F4xx_HAL_Driver\Src\stm32f4xx_hal_gpio.c 0x00000000   Number         0  stm32f4xx_hal_gpio.o ABSOLUTE
    C:\Keil_v5\ARM\PACK\Keil\STM32F4xx_DFP\2.14.0\Drivers\STM32F4xx_HAL_Driver\Src\stm32f4xx_hal_i2c.c 0x00000000   Number         0  stm32f4xx_hal_i2c.o ABSOLUTE
    C:\Keil_v5\ARM\PACK\Keil\STM32F4xx_DFP\2.14.0\Drivers\STM32F4xx_HAL_Driver\Src\stm32f4xx_hal_pwr.c 0x00000000   Number         0  stm32f4xx_hal_pwr.o ABSOLUTE
    C:\Keil_v5\ARM\PACK\Keil\STM32F4xx_DFP\2.14.0\Drivers\STM32F4xx_HAL_Driver\Src\stm32f4xx_hal_pwr_ex.c 0x00000000   Number         0  stm32f4xx_hal_pwr_ex.o ABSOLUTE
    C:\Keil_v5\ARM\PACK\Keil\STM32F4xx_DFP\2.14.0\Drivers\STM32F4xx_HAL_Driver\Src\stm32f4xx_hal_rcc.c 0x00000000   Number         0  stm32f4xx_hal_rcc.o ABSOLUTE
    C:\Keil_v5\ARM\PACK\Keil\STM32F4xx_DFP\2.14.0\Drivers\STM32F4xx_HAL_Driver\Src\stm32f4xx_hal_rcc_ex.c 0x00000000   Number         0  stm32f4xx_hal_rcc_ex.o ABSOLUTE
    C:\Keil_v5\ARM\PACK\Keil\STM32F4xx_DFP\2.14.0\Drivers\STM32F4xx_HAL_Driver\Src\stm32f4xx_hal_usart.c 0x00000000   Number         0  stm32f4xx_hal_usart.o ABSOLUTE
    C:\Keil_v5\ARM\PACK\Keil\STM32F4xx_DFP\2.14.0\MDK\Boards\ST\STM32F4-Discovery\Common\LED_F4Discovery.c 0x00000000   Number         0  led_f4discovery.o ABSOLUTE
    C:\\Keil_v5\\ARM\\PACK\\Keil\\STM32F4xx_DFP\\2.14.0\\CMSIS\\Driver\\I2C_STM32F4xx.c 0x00000000   Number         0  i2c_stm32f4xx.o ABSOLUTE
    C:\\Keil_v5\\ARM\\PACK\\Keil\\STM32F4xx_DFP\\2.14.0\\CMSIS\\Driver\\USART_STM32F4xx.c 0x00000000   Number         0  usart_stm32f4xx.o ABSOLUTE
    C:\\Keil_v5\\ARM\\PACK\\Keil\\STM32F4xx_DFP\\2.14.0\\Drivers\\STM32F4xx_HAL_Driver\\Src\\stm32f4xx_hal.c 0x00000000   Number         0  stm32f4xx_hal.o ABSOLUTE
    C:\\Keil_v5\\ARM\\PACK\\Keil\\STM32F4xx_DFP\\2.14.0\\Drivers\\STM32F4xx_HAL_Driver\\Src\\stm32f4xx_hal_cortex.c 0x00000000   Number         0  stm32f4xx_hal_cortex.o ABSOLUTE
    C:\\Keil_v5\\ARM\\PACK\\Keil\\STM32F4xx_DFP\\2.14.0\\Drivers\\STM32F4xx_HAL_Driver\\Src\\stm32f4xx_hal_dma.c 0x00000000   Number         0  stm32f4xx_hal_dma.o ABSOLUTE
    C:\\Keil_v5\\ARM\\PACK\\Keil\\STM32F4xx_DFP\\2.14.0\\Drivers\\STM32F4xx_HAL_Driver\\Src\\stm32f4xx_hal_dma_ex.c 0x00000000   Number         0  stm32f4xx_hal_dma_ex.o ABSOLUTE
    C:\\Keil_v5\\ARM\\PACK\\Keil\\STM32F4xx_DFP\\2.14.0\\Drivers\\STM32F4xx_HAL_Driver\\Src\\stm32f4xx_hal_gpio.c 0x00000000   Number         0  stm32f4xx_hal_gpio.o ABSOLUTE
    C:\\Keil_v5\\ARM\\PACK\\Keil\\STM32F4xx_DFP\\2.14.0\\Drivers\\STM32F4xx_HAL_Driver\\Src\\stm32f4xx_hal_i2c.c 0x00000000   Number         0  stm32f4xx_hal_i2c.o ABSOLUTE
    C:\\Keil_v5\\ARM\\PACK\\Keil\\STM32F4xx_DFP\\2.14.0\\Drivers\\STM32F4xx_HAL_Driver\\Src\\stm32f4xx_hal_pwr.c 0x00000000   Number         0  stm32f4xx_hal_pwr.o ABSOLUTE
    C:\\Keil_v5\\ARM\\PACK\\Keil\\STM32F4xx_DFP\\2.14.0\\Drivers\\STM32F4xx_HAL_Driver\\Src\\stm32f4xx_hal_pwr_ex.c 0x00000000   Number         0  stm32f4xx_hal_pwr_ex.o ABSOLUTE
    C:\\Keil_v5\\ARM\\PACK\\Keil\\STM32F4xx_DFP\\2.14.0\\Drivers\\STM32F4xx_HAL_Driver\\Src\\stm32f4xx_hal_rcc.c 0x00000000   Number         0  stm32f4xx_hal_rcc.o ABSOLUTE
    C:\\Keil_v5\\ARM\\PACK\\Keil\\STM32F4xx_DFP\\2.14.0\\Drivers\\STM32F4xx_HAL_Driver\\Src\\stm32f4xx_hal_rcc_ex.c 0x00000000   Number         0  stm32f4xx_hal_rcc_ex.o ABSOLUTE
    C:\\Keil_v5\\ARM\\PACK\\Keil\\STM32F4xx_DFP\\2.14.0\\Drivers\\STM32F4xx_HAL_Driver\\Src\\stm32f4xx_hal_usart.c 0x00000000   Number         0  stm32f4xx_hal_usart.o ABSOLUTE
    C:\\Keil_v5\\ARM\\PACK\\Keil\\STM32F4xx_DFP\\2.14.0\\MDK\\Boards\\ST\\STM32F4-Discovery\\Common\\LED_F4Discovery.c 0x00000000   Number         0  led_f4discovery.o ABSOLUTE
    Mainprojet.c                             0x00000000   Number         0  mainprojet.o ABSOLUTE
    RTE\Device\STM32F407VGTx\startup_stm32f407xx.s 0x00000000   Number         0  startup_stm32f407xx.o ABSOLUTE
    RTE\Device\STM32F407VGTx\system_stm32f4xx.c 0x00000000   Number         0  system_stm32f4xx.o ABSOLUTE
    RTE\\Device\\STM32F407VGTx\\system_stm32f4xx.c 0x00000000   Number         0  system_stm32f4xx.o ABSOLUTE
    dc.s                                     0x00000000   Number         0  dc.o ABSOLUTE
    RESET                                    0x08000000   Section      392  startup_stm32f407xx.o(RESET)
    !!!main                                  0x08000188   Section        8  __main.o(!!!main)
    !!!scatter                               0x08000190   Section       52  __scatter.o(!!!scatter)
    !!handler_copy                           0x080001c4   Section       26  __scatter_copy.o(!!handler_copy)
    !!handler_zi                             0x080001e0   Section       28  __scatter_zi.o(!!handler_zi)
    .ARM.Collect$$_printf_percent$$00000000  0x080001fc   Section        0  _printf_percent.o(.ARM.Collect$$_printf_percent$$00000000)
    .ARM.Collect$$_printf_percent$$00000009  0x080001fc   Section        6  _printf_d.o(.ARM.Collect$$_printf_percent$$00000009)
    .ARM.Collect$$_printf_percent$$00000017  0x08000202   Section        4  _printf_percent_end.o(.ARM.Collect$$_printf_percent$$00000017)
    .ARM.Collect$$libinit$$00000000          0x08000206   Section        2  libinit.o(.ARM.Collect$$libinit$$00000000)
    .ARM.Collect$$libinit$$00000001          0x08000208   Section        4  libinit2.o(.ARM.Collect$$libinit$$00000001)
    .ARM.Collect$$libinit$$00000004          0x0800020c   Section        0  libinit2.o(.ARM.Collect$$libinit$$00000004)
    .ARM.Collect$$libinit$$0000000A          0x0800020c   Section        0  libinit2.o(.ARM.Collect$$libinit$$0000000A)
    .ARM.Collect$$libinit$$0000000C          0x0800020c   Section        0  libinit2.o(.ARM.Collect$$libinit$$0000000C)
    .ARM.Collect$$libinit$$0000000E          0x0800020c   Section        0  libinit2.o(.ARM.Collect$$libinit$$0000000E)
    .ARM.Collect$$libinit$$00000011          0x0800020c   Section        0  libinit2.o(.ARM.Collect$$libinit$$00000011)
    .ARM.Collect$$libinit$$00000013          0x0800020c   Section        0  libinit2.o(.ARM.Collect$$libinit$$00000013)
    .ARM.Collect$$libinit$$00000015          0x0800020c   Section        0  libinit2.o(.ARM.Collect$$libinit$$00000015)
    .ARM.Collect$$libinit$$00000017          0x0800020c   Section        0  libinit2.o(.ARM.Collect$$libinit$$00000017)
    .ARM.Collect$$libinit$$00000019          0x0800020c   Section        0  libinit2.o(.ARM.Collect$$libinit$$00000019)
    .ARM.Collect$$libinit$$0000001B          0x0800020c   Section        0  libinit2.o(.ARM.Collect$$libinit$$0000001B)
    .ARM.Collect$$libinit$$0000001D          0x0800020c   Section        0  libinit2.o(.ARM.Collect$$libinit$$0000001D)
    .ARM.Collect$$libinit$$0000001F          0x0800020c   Section        0  libinit2.o(.ARM.Collect$$libinit$$0000001F)
    .ARM.Collect$$libinit$$00000021          0x0800020c   Section        0  libinit2.o(.ARM.Collect$$libinit$$00000021)
    .ARM.Collect$$libinit$$00000023          0x0800020c   Section        0  libinit2.o(.ARM.Collect$$libinit$$00000023)
    .ARM.Collect$$libinit$$00000025          0x0800020c   Section        0  libinit2.o(.ARM.Collect$$libinit$$00000025)
    .ARM.Collect$$libinit$$0000002C          0x0800020c   Section        0  libinit2.o(.ARM.Collect$$libinit$$0000002C)
    .ARM.Collect$$libinit$$0000002E          0x0800020c   Section        0  libinit2.o(.ARM.Collect$$libinit$$0000002E)
    .ARM.Collect$$libinit$$00000030          0x0800020c   Section        0  libinit2.o(.ARM.Collect$$libinit$$00000030)
    .ARM.Collect$$libinit$$00000032          0x0800020c   Section        0  libinit2.o(.ARM.Collect$$libinit$$00000032)
    .ARM.Collect$$libinit$$00000033          0x0800020c   Section        2  libinit2.o(.ARM.Collect$$libinit$$00000033)
    .ARM.Collect$$libshutdown$$00000000      0x0800020e   Section        2  libshutdown.o(.ARM.Collect$$libshutdown$$00000000)
    .ARM.Collect$$libshutdown$$00000002      0x08000210   Section        0  libshutdown2.o(.ARM.Collect$$libshutdown$$00000002)
    .ARM.Collect$$libshutdown$$00000004      0x08000210   Section        0  libshutdown2.o(.ARM.Collect$$libshutdown$$00000004)
    .ARM.Collect$$libshutdown$$00000007      0x08000210   Section        0  libshutdown2.o(.ARM.Collect$$libshutdown$$00000007)
    .ARM.Collect$$libshutdown$$0000000A      0x08000210   Section        0  libshutdown2.o(.ARM.Collect$$libshutdown$$0000000A)
    .ARM.Collect$$libshutdown$$0000000C      0x08000210   Section        0  libshutdown2.o(.ARM.Collect$$libshutdown$$0000000C)
    .ARM.Collect$$libshutdown$$0000000F      0x08000210   Section        0  libshutdown2.o(.ARM.Collect$$libshutdown$$0000000F)
    .ARM.Collect$$libshutdown$$00000010      0x08000210   Section        2  libshutdown2.o(.ARM.Collect$$libshutdown$$00000010)
    .ARM.Collect$$rtentry$$00000000          0x08000212   Section        0  __rtentry.o(.ARM.Collect$$rtentry$$00000000)
    .ARM.Collect$$rtentry$$00000002          0x08000212   Section        0  __rtentry2.o(.ARM.Collect$$rtentry$$00000002)
    .ARM.Collect$$rtentry$$00000004          0x08000212   Section        6  __rtentry4.o(.ARM.Collect$$rtentry$$00000004)
    .ARM.Collect$$rtentry$$00000009          0x08000218   Section        0  __rtentry2.o(.ARM.Collect$$rtentry$$00000009)
    .ARM.Collect$$rtentry$$0000000A          0x08000218   Section        4  __rtentry2.o(.ARM.Collect$$rtentry$$0000000A)
    .ARM.Collect$$rtentry$$0000000C          0x0800021c   Section        0  __rtentry2.o(.ARM.Collect$$rtentry$$0000000C)
    .ARM.Collect$$rtentry$$0000000D          0x0800021c   Section        8  __rtentry2.o(.ARM.Collect$$rtentry$$0000000D)
    .ARM.Collect$$rtexit$$00000000           0x08000224   Section        2  rtexit.o(.ARM.Collect$$rtexit$$00000000)
    .ARM.Collect$$rtexit$$00000002           0x08000226   Section        0  rtexit2.o(.ARM.Collect$$rtexit$$00000002)
    .ARM.Collect$$rtexit$$00000003           0x08000226   Section        4  rtexit2.o(.ARM.Collect$$rtexit$$00000003)
    .ARM.Collect$$rtexit$$00000004           0x0800022a   Section        6  rtexit2.o(.ARM.Collect$$rtexit$$00000004)
    .text                                    0x08000230   Section       64  startup_stm32f407xx.o(.text)
    $v0                                      0x08000230   Number         0  startup_stm32f407xx.o(.text)
    .text                                    0x08000270   Section        0  noretval__2sprintf.o(.text)
    .text                                    0x08000298   Section        0  __printf.o(.text)
    .text                                    0x08000300   Section        0  _printf_dec.o(.text)
    .text                                    0x08000378   Section       78  rt_memclr_w.o(.text)
    .text                                    0x080003c6   Section        0  heapauxi.o(.text)
    .text                                    0x080003cc   Section        0  _printf_intcommon.o(.text)
    .text                                    0x08000480   Section        0  _printf_char_common.o(.text)
    _printf_input_char                       0x08000481   Thumb Code    10  _printf_char_common.o(.text)
    .text                                    0x080004b0   Section        0  _sputc.o(.text)
    .text                                    0x080004ba   Section       74  sys_stackheap_outer.o(.text)
    .text                                    0x08000504   Section        0  exit.o(.text)
    .text                                    0x08000518   Section        8  libspace.o(.text)
    .text                                    0x08000520   Section        0  sys_exit.o(.text)
    .text                                    0x0800052c   Section        2  use_no_semi.o(.text)
    .text                                    0x0800052e   Section        0  indicate_semi.o(.text)
    i.DMA_CalcBaseAndBitshift                0x08000530   Section        0  stm32f4xx_hal_dma.o(i.DMA_CalcBaseAndBitshift)
    DMA_CalcBaseAndBitshift                  0x08000531   Thumb Code    46  stm32f4xx_hal_dma.o(i.DMA_CalcBaseAndBitshift)
    i.DMA_CheckFifoParam                     0x08000564   Section        0  stm32f4xx_hal_dma.o(i.DMA_CheckFifoParam)
    DMA_CheckFifoParam                       0x08000565   Thumb Code   170  stm32f4xx_hal_dma.o(i.DMA_CheckFifoParam)
    i.DMA_SetConfig                          0x0800060e   Section        0  stm32f4xx_hal_dma.o(i.DMA_SetConfig)
    DMA_SetConfig                            0x0800060f   Thumb Code    44  stm32f4xx_hal_dma.o(i.DMA_SetConfig)
    i.Enable_GPIO_Clock                      0x0800063c   Section        0  i2c_stm32f4xx.o(i.Enable_GPIO_Clock)
    Enable_GPIO_Clock                        0x0800063d   Thumb Code   346  i2c_stm32f4xx.o(i.Enable_GPIO_Clock)
    i.Enable_GPIO_Clock                      0x080007c0   Section        0  usart_stm32f4xx.o(i.Enable_GPIO_Clock)
    Enable_GPIO_Clock                        0x080007c1   Thumb Code   346  usart_stm32f4xx.o(i.Enable_GPIO_Clock)
    i.HAL_DMA_Abort                          0x08000944   Section        0  stm32f4xx_hal_dma.o(i.HAL_DMA_Abort)
    i.HAL_DMA_Init                           0x080009f0   Section        0  stm32f4xx_hal_dma.o(i.HAL_DMA_Init)
    i.HAL_DMA_Start_IT                       0x08000adc   Section        0  stm32f4xx_hal_dma.o(i.HAL_DMA_Start_IT)
    i.HAL_Delay                              0x08000b7c   Section        0  stm32f4xx_hal.o(i.HAL_Delay)
    i.HAL_GPIO_DeInit                        0x08000ba4   Section        0  stm32f4xx_hal_gpio.o(i.HAL_GPIO_DeInit)
    i.HAL_GPIO_Init                          0x08000d08   Section        0  stm32f4xx_hal_gpio.o(i.HAL_GPIO_Init)
    i.HAL_GPIO_ReadPin                       0x08000f08   Section        0  stm32f4xx_hal_gpio.o(i.HAL_GPIO_ReadPin)
    i.HAL_GPIO_WritePin                      0x08000f18   Section        0  stm32f4xx_hal_gpio.o(i.HAL_GPIO_WritePin)
    i.HAL_GetTick                            0x08000f24   Section        0  stm32f4xx_hal.o(i.HAL_GetTick)
    i.HAL_NVIC_ClearPendingIRQ               0x08000f30   Section        0  stm32f4xx_hal_cortex.o(i.HAL_NVIC_ClearPendingIRQ)
    i.HAL_NVIC_DisableIRQ                    0x08000f54   Section        0  stm32f4xx_hal_cortex.o(i.HAL_NVIC_DisableIRQ)
    i.HAL_NVIC_EnableIRQ                     0x08000f98   Section        0  stm32f4xx_hal_cortex.o(i.HAL_NVIC_EnableIRQ)
    i.HAL_RCC_GetHCLKFreq                    0x08000fc0   Section        0  stm32f4xx_hal_rcc.o(i.HAL_RCC_GetHCLKFreq)
    i.HAL_RCC_GetPCLK1Freq                   0x08000fcc   Section        0  stm32f4xx_hal_rcc.o(i.HAL_RCC_GetPCLK1Freq)
    i.I2C1_Control                           0x08000fec   Section        0  i2c_stm32f4xx.o(i.I2C1_Control)
    I2C1_Control                             0x08000fed   Thumb Code    18  i2c_stm32f4xx.o(i.I2C1_Control)
    i.I2C1_ER_IRQHandler                     0x08001004   Section        0  i2c_stm32f4xx.o(i.I2C1_ER_IRQHandler)
    i.I2C1_EV_IRQHandler                     0x08001014   Section        0  i2c_stm32f4xx.o(i.I2C1_EV_IRQHandler)
    i.I2C1_GetDataCount                      0x08001024   Section        0  i2c_stm32f4xx.o(i.I2C1_GetDataCount)
    I2C1_GetDataCount                        0x08001025   Thumb Code    10  i2c_stm32f4xx.o(i.I2C1_GetDataCount)
    i.I2C1_GetStatus                         0x08001034   Section        0  i2c_stm32f4xx.o(i.I2C1_GetStatus)
    I2C1_GetStatus                           0x08001035   Thumb Code    12  i2c_stm32f4xx.o(i.I2C1_GetStatus)
    i.I2C1_Initialize                        0x08001044   Section        0  i2c_stm32f4xx.o(i.I2C1_Initialize)
    I2C1_Initialize                          0x08001045   Thumb Code    14  i2c_stm32f4xx.o(i.I2C1_Initialize)
    i.I2C1_MasterReceive                     0x08001058   Section        0  i2c_stm32f4xx.o(i.I2C1_MasterReceive)
    I2C1_MasterReceive                       0x08001059   Thumb Code    28  i2c_stm32f4xx.o(i.I2C1_MasterReceive)
    i.I2C1_MasterTransmit                    0x08001078   Section        0  i2c_stm32f4xx.o(i.I2C1_MasterTransmit)
    I2C1_MasterTransmit                      0x08001079   Thumb Code    28  i2c_stm32f4xx.o(i.I2C1_MasterTransmit)
    i.I2C1_PowerControl                      0x08001098   Section        0  i2c_stm32f4xx.o(i.I2C1_PowerControl)
    I2C1_PowerControl                        0x08001099   Thumb Code    14  i2c_stm32f4xx.o(i.I2C1_PowerControl)
    i.I2C1_SlaveReceive                      0x080010ac   Section        0  i2c_stm32f4xx.o(i.I2C1_SlaveReceive)
    I2C1_SlaveReceive                        0x080010ad   Thumb Code    18  i2c_stm32f4xx.o(i.I2C1_SlaveReceive)
    i.I2C1_SlaveTransmit                     0x080010c4   Section        0  i2c_stm32f4xx.o(i.I2C1_SlaveTransmit)
    I2C1_SlaveTransmit                       0x080010c5   Thumb Code    18  i2c_stm32f4xx.o(i.I2C1_SlaveTransmit)
    i.I2C1_Uninitialize                      0x080010dc   Section        0  i2c_stm32f4xx.o(i.I2C1_Uninitialize)
    I2C1_Uninitialize                        0x080010dd   Thumb Code    10  i2c_stm32f4xx.o(i.I2C1_Uninitialize)
    i.I2CX_GetCapabilities                   0x080010ec   Section        0  i2c_stm32f4xx.o(i.I2CX_GetCapabilities)
    I2CX_GetCapabilities                     0x080010ed   Thumb Code     6  i2c_stm32f4xx.o(i.I2CX_GetCapabilities)
    i.I2CX_GetVersion                        0x080010f8   Section        0  i2c_stm32f4xx.o(i.I2CX_GetVersion)
    I2CX_GetVersion                          0x080010f9   Thumb Code    10  i2c_stm32f4xx.o(i.I2CX_GetVersion)
    i.I2C_Control                            0x08001108   Section        0  i2c_stm32f4xx.o(i.I2C_Control)
    I2C_Control                              0x08001109   Thumb Code   816  i2c_stm32f4xx.o(i.I2C_Control)
    i.I2C_ER_IRQHandler                      0x08001454   Section        0  i2c_stm32f4xx.o(i.I2C_ER_IRQHandler)
    I2C_ER_IRQHandler                        0x08001455   Thumb Code   518  i2c_stm32f4xx.o(i.I2C_ER_IRQHandler)
    i.I2C_EV_IRQHandler                      0x0800165a   Section        0  i2c_stm32f4xx.o(i.I2C_EV_IRQHandler)
    I2C_EV_IRQHandler                        0x0800165b   Thumb Code  1704  i2c_stm32f4xx.o(i.I2C_EV_IRQHandler)
    i.I2C_GetDataCount                       0x08001d02   Section        0  i2c_stm32f4xx.o(i.I2C_GetDataCount)
    I2C_GetDataCount                         0x08001d03   Thumb Code    52  i2c_stm32f4xx.o(i.I2C_GetDataCount)
    i.I2C_GetStatus                          0x08001d36   Section        0  i2c_stm32f4xx.o(i.I2C_GetStatus)
    I2C_GetStatus                            0x08001d37   Thumb Code     8  i2c_stm32f4xx.o(i.I2C_GetStatus)
    i.I2C_Initialize                         0x08001d40   Section        0  i2c_stm32f4xx.o(i.I2C_Initialize)
    I2C_Initialize                           0x08001d41   Thumb Code   444  i2c_stm32f4xx.o(i.I2C_Initialize)
    i.I2C_MasterReceive                      0x08001f00   Section        0  i2c_stm32f4xx.o(i.I2C_MasterReceive)
    I2C_MasterReceive                        0x08001f01   Thumb Code   324  i2c_stm32f4xx.o(i.I2C_MasterReceive)
    i.I2C_MasterTransmit                     0x08002044   Section        0  i2c_stm32f4xx.o(i.I2C_MasterTransmit)
    I2C_MasterTransmit                       0x08002045   Thumb Code   298  i2c_stm32f4xx.o(i.I2C_MasterTransmit)
    i.I2C_PowerControl                       0x08002170   Section        0  i2c_stm32f4xx.o(i.I2C_PowerControl)
    I2C_PowerControl                         0x08002171   Thumb Code   650  i2c_stm32f4xx.o(i.I2C_PowerControl)
    i.I2C_SlaveReceive                       0x08002408   Section        0  i2c_stm32f4xx.o(i.I2C_SlaveReceive)
    I2C_SlaveReceive                         0x08002409   Thumb Code   136  i2c_stm32f4xx.o(i.I2C_SlaveReceive)
    i.I2C_SlaveTransmit                      0x08002490   Section        0  i2c_stm32f4xx.o(i.I2C_SlaveTransmit)
    I2C_SlaveTransmit                        0x08002491   Thumb Code   136  i2c_stm32f4xx.o(i.I2C_SlaveTransmit)
    i.I2C_Uninitialize                       0x08002518   Section        0  i2c_stm32f4xx.o(i.I2C_Uninitialize)
    I2C_Uninitialize                         0x08002519   Thumb Code    52  i2c_stm32f4xx.o(i.I2C_Uninitialize)
    i.Init_I2C                               0x0800254c   Section        0  mainprojet.o(i.Init_I2C)
    i.Init_UART                              0x08002570   Section        0  mainprojet.o(i.Init_UART)
    i.LED_Initialize                         0x080025a8   Section        0  led_f4discovery.o(i.LED_Initialize)
    i.LED_Off                                0x080025f4   Section        0  led_f4discovery.o(i.LED_Off)
    i.LED_On                                 0x08002620   Section        0  led_f4discovery.o(i.LED_On)
    i.SystemInit                             0x0800264c   Section        0  system_stm32f4xx.o(i.SystemInit)
    i.USART3_Control                         0x080026b0   Section        0  usart_stm32f4xx.o(i.USART3_Control)
    USART3_Control                           0x080026b1   Thumb Code    18  usart_stm32f4xx.o(i.USART3_Control)
    i.USART3_GetCapabilities                 0x080026c8   Section        0  usart_stm32f4xx.o(i.USART3_GetCapabilities)
    USART3_GetCapabilities                   0x080026c9   Thumb Code    12  usart_stm32f4xx.o(i.USART3_GetCapabilities)
    i.USART3_GetModemStatus                  0x080026d8   Section        0  usart_stm32f4xx.o(i.USART3_GetModemStatus)
    USART3_GetModemStatus                    0x080026d9   Thumb Code    12  usart_stm32f4xx.o(i.USART3_GetModemStatus)
    i.USART3_GetRxCount                      0x080026e8   Section        0  usart_stm32f4xx.o(i.USART3_GetRxCount)
    USART3_GetRxCount                        0x080026e9   Thumb Code    10  usart_stm32f4xx.o(i.USART3_GetRxCount)
    i.USART3_GetStatus                       0x080026f8   Section        0  usart_stm32f4xx.o(i.USART3_GetStatus)
    USART3_GetStatus                         0x080026f9   Thumb Code    12  usart_stm32f4xx.o(i.USART3_GetStatus)
    i.USART3_GetTxCount                      0x08002708   Section        0  usart_stm32f4xx.o(i.USART3_GetTxCount)
    USART3_GetTxCount                        0x08002709   Thumb Code    10  usart_stm32f4xx.o(i.USART3_GetTxCount)
    i.USART3_IRQHandler                      0x08002718   Section        0  usart_stm32f4xx.o(i.USART3_IRQHandler)
    i.USART3_Initialize                      0x08002728   Section        0  usart_stm32f4xx.o(i.USART3_Initialize)
    USART3_Initialize                        0x08002729   Thumb Code    14  usart_stm32f4xx.o(i.USART3_Initialize)
    i.USART3_PowerControl                    0x0800273c   Section        0  usart_stm32f4xx.o(i.USART3_PowerControl)
    USART3_PowerControl                      0x0800273d   Thumb Code    14  usart_stm32f4xx.o(i.USART3_PowerControl)
    i.USART3_Receive                         0x08002750   Section        0  usart_stm32f4xx.o(i.USART3_Receive)
    USART3_Receive                           0x08002751   Thumb Code    18  usart_stm32f4xx.o(i.USART3_Receive)
    i.USART3_Send                            0x08002768   Section        0  usart_stm32f4xx.o(i.USART3_Send)
    USART3_Send                              0x08002769   Thumb Code    18  usart_stm32f4xx.o(i.USART3_Send)
    i.USART3_SetModemControl                 0x08002780   Section        0  usart_stm32f4xx.o(i.USART3_SetModemControl)
    USART3_SetModemControl                   0x08002781   Thumb Code    14  usart_stm32f4xx.o(i.USART3_SetModemControl)
    i.USART3_Transfer                        0x08002794   Section        0  usart_stm32f4xx.o(i.USART3_Transfer)
    USART3_Transfer                          0x08002795   Thumb Code    22  usart_stm32f4xx.o(i.USART3_Transfer)
    i.USART3_Uninitialize                    0x080027b0   Section        0  usart_stm32f4xx.o(i.USART3_Uninitialize)
    USART3_Uninitialize                      0x080027b1   Thumb Code    10  usart_stm32f4xx.o(i.USART3_Uninitialize)
    i.USART_Control                          0x080027c0   Section        0  usart_stm32f4xx.o(i.USART_Control)
    USART_Control                            0x080027c1   Thumb Code  2280  usart_stm32f4xx.o(i.USART_Control)
    i.USART_GetCapabilities                  0x080030a8   Section        0  usart_stm32f4xx.o(i.USART_GetCapabilities)
    USART_GetCapabilities                    0x080030a9   Thumb Code     6  usart_stm32f4xx.o(i.USART_GetCapabilities)
    i.USART_GetModemStatus                   0x080030ae   Section        0  usart_stm32f4xx.o(i.USART_GetModemStatus)
    USART_GetModemStatus                     0x080030af   Thumb Code   140  usart_stm32f4xx.o(i.USART_GetModemStatus)
    i.USART_GetRxCount                       0x0800313a   Section        0  usart_stm32f4xx.o(i.USART_GetRxCount)
    USART_GetRxCount                         0x0800313b   Thumb Code     8  usart_stm32f4xx.o(i.USART_GetRxCount)
    i.USART_GetStatus                        0x08003142   Section        0  usart_stm32f4xx.o(i.USART_GetStatus)
    USART_GetStatus                          0x08003143   Thumb Code   212  usart_stm32f4xx.o(i.USART_GetStatus)
    i.USART_GetTxCount                       0x08003216   Section        0  usart_stm32f4xx.o(i.USART_GetTxCount)
    USART_GetTxCount                         0x08003217   Thumb Code     8  usart_stm32f4xx.o(i.USART_GetTxCount)
    i.USART_IRQHandler                       0x0800321e   Section        0  usart_stm32f4xx.o(i.USART_IRQHandler)
    i.USART_Initialize                       0x08003490   Section        0  usart_stm32f4xx.o(i.USART_Initialize)
    USART_Initialize                         0x08003491   Thumb Code   146  usart_stm32f4xx.o(i.USART_Initialize)
    i.USART_PeripheralReset                  0x08003524   Section        0  usart_stm32f4xx.o(i.USART_PeripheralReset)
    USART_PeripheralReset                    0x08003525   Thumb Code   278  usart_stm32f4xx.o(i.USART_PeripheralReset)
    i.USART_PowerControl                     0x08003658   Section        0  usart_stm32f4xx.o(i.USART_PowerControl)
    USART_PowerControl                       0x08003659   Thumb Code   680  usart_stm32f4xx.o(i.USART_PowerControl)
    i.USART_Receive                          0x08003920   Section        0  usart_stm32f4xx.o(i.USART_Receive)
    USART_Receive                            0x08003921   Thumb Code   162  usart_stm32f4xx.o(i.USART_Receive)
    i.USART_Send                             0x080039c2   Section        0  usart_stm32f4xx.o(i.USART_Send)
    USART_Send                               0x080039c3   Thumb Code   136  usart_stm32f4xx.o(i.USART_Send)
    i.USART_SetModemControl                  0x08003a4a   Section        0  usart_stm32f4xx.o(i.USART_SetModemControl)
    USART_SetModemControl                    0x08003a4b   Thumb Code   140  usart_stm32f4xx.o(i.USART_SetModemControl)
    i.USART_Transfer                         0x08003ad6   Section        0  usart_stm32f4xx.o(i.USART_Transfer)
    USART_Transfer                           0x08003ad7   Thumb Code   106  usart_stm32f4xx.o(i.USART_Transfer)
    i.USART_Uninitialize                     0x08003b40   Section        0  usart_stm32f4xx.o(i.USART_Uninitialize)
    USART_Uninitialize                       0x08003b41   Thumb Code   106  usart_stm32f4xx.o(i.USART_Uninitialize)
    i.USARTx_GetVersion                      0x08003bac   Section        0  usart_stm32f4xx.o(i.USARTx_GetVersion)
    USARTx_GetVersion                        0x08003bad   Thumb Code    10  usart_stm32f4xx.o(i.USARTx_GetVersion)
    i.main                                   0x08003bbc   Section        0  mainprojet.o(i.main)
    i.readNBytes                             0x08003dc4   Section        0  mainprojet.o(i.readNBytes)
    i.write1byte                             0x08003df4   Section        0  mainprojet.o(i.write1byte)
    i.writeCmd                               0x08003e30   Section        0  mainprojet.o(i.writeCmd)
    x$fpl$fpinit                             0x08003e5c   Section       10  fpinit.o(x$fpl$fpinit)
    $v0                                      0x08003e5c   Number         0  fpinit.o(x$fpl$fpinit)
    .constdata                               0x08003e68   Section       32  led_f4discovery.o(.constdata)
    LED_PIN                                  0x08003e68   Data          32  led_f4discovery.o(.constdata)
    .constdata                               0x08003e88   Section      104  i2c_stm32f4xx.o(.constdata)
    DriverVersion                            0x08003e88   Data           4  i2c_stm32f4xx.o(.constdata)
    DriverCapabilities                       0x08003e8c   Data           4  i2c_stm32f4xx.o(.constdata)
    I2C1_Resources                           0x08003e90   Data          48  i2c_stm32f4xx.o(.constdata)
    .constdata                               0x08003ef0   Section      136  usart_stm32f4xx.o(.constdata)
    usart_driver_version                     0x08003ef0   Data           4  usart_stm32f4xx.o(.constdata)
    USART3_tx                                0x08003ef4   Data          12  usart_stm32f4xx.o(.constdata)
    USART3_rx                                0x08003f00   Data          12  usart_stm32f4xx.o(.constdata)
    USART3_Resources                         0x08003f0c   Data          52  usart_stm32f4xx.o(.constdata)
    .constdata                               0x08003f78   Section        8  stm32f4xx_hal_dma.o(.constdata)
    flagBitshiftOffset                       0x08003f78   Data           8  stm32f4xx_hal_dma.o(.constdata)
    .constdata                               0x08003f80   Section       24  system_stm32f4xx.o(.constdata)
    .data                                    0x20000000   Section        9  stm32f4xx_hal.o(.data)
    .data                                    0x2000000c   Section        4  system_stm32f4xx.o(.data)
    .bss                                     0x20000010   Section       10  mainprojet.o(.bss)
    .bss                                     0x2000001c   Section       40  i2c_stm32f4xx.o(.bss)
    I2C1_Info                                0x2000001c   Data          40  i2c_stm32f4xx.o(.bss)
    .bss                                     0x20000044   Section       56  usart_stm32f4xx.o(.bss)
    USART3_Info                              0x20000044   Data          20  usart_stm32f4xx.o(.bss)
    USART3_TransferInfo                      0x20000058   Data          36  usart_stm32f4xx.o(.bss)
    .bss                                     0x2000007c   Section       96  libspace.o(.bss)
    HEAP                                     0x200000e0   Section      512  startup_stm32f407xx.o(HEAP)
    Heap_Mem                                 0x200000e0   Data         512  startup_stm32f407xx.o(HEAP)
    STACK                                    0x200002e0   Section     1024  startup_stm32f407xx.o(STACK)
    Stack_Mem                                0x200002e0   Data        1024  startup_stm32f407xx.o(STACK)
    __initial_sp                             0x200006e0   Data           0  startup_stm32f407xx.o(STACK)

    Global Symbols

    Symbol Name                              Value     Ov Type        Size  Object(Section)

    BuildAttributes$$THM_ISAv4$E$P$D$K$B$S$7EM$VFPi3$EXTD16$VFPS$VFMA$PE$A:L22UL41UL21$X:L11$S22US41US21$IEEE1$IW$USESV6$~STKCKD$USESV7$~SHL$OSPACE$ROPI$EBA8$UX$STANDARDLIB$REQ8$PRES8$EABIv2 0x00000000   Number         0  anon$$obj.o ABSOLUTE
    __ARM_use_no_argv                        0x00000000   Number         0  mainprojet.o ABSOLUTE
    __ARM_exceptions_init                     - Undefined Weak Reference
    __alloca_initialize                       - Undefined Weak Reference
    __arm_preinit_                            - Undefined Weak Reference
    __cpp_initialize__aeabi_                  - Undefined Weak Reference
    __cxa_finalize                            - Undefined Weak Reference
    __rt_locale                               - Undefined Weak Reference
    __sigvec_lookup                           - Undefined Weak Reference
    _atexit_init                              - Undefined Weak Reference
    _call_atexit_fns                          - Undefined Weak Reference
    _clock_init                               - Undefined Weak Reference
    _fp_trap_init                             - Undefined Weak Reference
    _fp_trap_shutdown                         - Undefined Weak Reference
    _get_lc_collate                           - Undefined Weak Reference
    _get_lc_ctype                             - Undefined Weak Reference
    _get_lc_monetary                          - Undefined Weak Reference
    _get_lc_numeric                           - Undefined Weak Reference
    _get_lc_time                              - Undefined Weak Reference
    _getenv_init                              - Undefined Weak Reference
    _handle_redirection                       - Undefined Weak Reference
    _init_alloc                               - Undefined Weak Reference
    _init_user_alloc                          - Undefined Weak Reference
    _initio                                   - Undefined Weak Reference
    _printf_post_padding                      - Undefined Weak Reference
    _printf_pre_padding                       - Undefined Weak Reference
    _printf_truncate_signed                   - Undefined Weak Reference
    _printf_truncate_unsigned                 - Undefined Weak Reference
    _rand_init                                - Undefined Weak Reference
    _signal_finish                            - Undefined Weak Reference
    _signal_init                              - Undefined Weak Reference
    _terminate_alloc                          - Undefined Weak Reference
    _terminate_user_alloc                     - Undefined Weak Reference
    _terminateio                              - Undefined Weak Reference
    __Vectors_Size                           0x00000188   Number         0  startup_stm32f407xx.o ABSOLUTE
    __Vectors                                0x08000000   Data           4  startup_stm32f407xx.o(RESET)
    __Vectors_End                            0x08000188   Data           0  startup_stm32f407xx.o(RESET)
    __main                                   0x08000189   Thumb Code     8  __main.o(!!!main)
    __scatterload                            0x08000191   Thumb Code     0  __scatter.o(!!!scatter)
    __scatterload_rt2                        0x08000191   Thumb Code    44  __scatter.o(!!!scatter)
    __scatterload_rt2_thumb_only             0x08000191   Thumb Code     0  __scatter.o(!!!scatter)
    __scatterload_null                       0x0800019f   Thumb Code     0  __scatter.o(!!!scatter)
    __scatterload_copy                       0x080001c5   Thumb Code    26  __scatter_copy.o(!!handler_copy)
    __scatterload_zeroinit                   0x080001e1   Thumb Code    28  __scatter_zi.o(!!handler_zi)
    _printf_d                                0x080001fd   Thumb Code     0  _printf_d.o(.ARM.Collect$$_printf_percent$$00000009)
    _printf_percent                          0x080001fd   Thumb Code     0  _printf_percent.o(.ARM.Collect$$_printf_percent$$00000000)
    _printf_percent_end                      0x08000203   Thumb Code     0  _printf_percent_end.o(.ARM.Collect$$_printf_percent$$00000017)
    __rt_lib_init                            0x08000207   Thumb Code     0  libinit.o(.ARM.Collect$$libinit$$00000000)
    __rt_lib_init_fp_1                       0x08000209   Thumb Code     0  libinit2.o(.ARM.Collect$$libinit$$00000001)
    __rt_lib_init_alloca_1                   0x0800020d   Thumb Code     0  libinit2.o(.ARM.Collect$$libinit$$0000002E)
    __rt_lib_init_argv_1                     0x0800020d   Thumb Code     0  libinit2.o(.ARM.Collect$$libinit$$0000002C)
    __rt_lib_init_atexit_1                   0x0800020d   Thumb Code     0  libinit2.o(.ARM.Collect$$libinit$$0000001B)
    __rt_lib_init_clock_1                    0x0800020d   Thumb Code     0  libinit2.o(.ARM.Collect$$libinit$$00000021)
    __rt_lib_init_cpp_1                      0x0800020d   Thumb Code     0  libinit2.o(.ARM.Collect$$libinit$$00000032)
    __rt_lib_init_exceptions_1               0x0800020d   Thumb Code     0  libinit2.o(.ARM.Collect$$libinit$$00000030)
    __rt_lib_init_fp_trap_1                  0x0800020d   Thumb Code     0  libinit2.o(.ARM.Collect$$libinit$$0000001F)
    __rt_lib_init_getenv_1                   0x0800020d   Thumb Code     0  libinit2.o(.ARM.Collect$$libinit$$00000023)
    __rt_lib_init_heap_1                     0x0800020d   Thumb Code     0  libinit2.o(.ARM.Collect$$libinit$$0000000A)
    __rt_lib_init_lc_collate_1               0x0800020d   Thumb Code     0  libinit2.o(.ARM.Collect$$libinit$$00000011)
    __rt_lib_init_lc_ctype_1                 0x0800020d   Thumb Code     0  libinit2.o(.ARM.Collect$$libinit$$00000013)
    __rt_lib_init_lc_monetary_1              0x0800020d   Thumb Code     0  libinit2.o(.ARM.Collect$$libinit$$00000015)
    __rt_lib_init_lc_numeric_1               0x0800020d   Thumb Code     0  libinit2.o(.ARM.Collect$$libinit$$00000017)
    __rt_lib_init_lc_time_1                  0x0800020d   Thumb Code     0  libinit2.o(.ARM.Collect$$libinit$$00000019)
    __rt_lib_init_preinit_1                  0x0800020d   Thumb Code     0  libinit2.o(.ARM.Collect$$libinit$$00000004)
    __rt_lib_init_rand_1                     0x0800020d   Thumb Code     0  libinit2.o(.ARM.Collect$$libinit$$0000000E)
    __rt_lib_init_return                     0x0800020d   Thumb Code     0  libinit2.o(.ARM.Collect$$libinit$$00000033)
    __rt_lib_init_signal_1                   0x0800020d   Thumb Code     0  libinit2.o(.ARM.Collect$$libinit$$0000001D)
    __rt_lib_init_stdio_1                    0x0800020d   Thumb Code     0  libinit2.o(.ARM.Collect$$libinit$$00000025)
    __rt_lib_init_user_alloc_1               0x0800020d   Thumb Code     0  libinit2.o(.ARM.Collect$$libinit$$0000000C)
    __rt_lib_shutdown                        0x0800020f   Thumb Code     0  libshutdown.o(.ARM.Collect$$libshutdown$$00000000)
    __rt_lib_shutdown_cpp_1                  0x08000211   Thumb Code     0  libshutdown2.o(.ARM.Collect$$libshutdown$$00000002)
    __rt_lib_shutdown_fp_trap_1              0x08000211   Thumb Code     0  libshutdown2.o(.ARM.Collect$$libshutdown$$00000007)
    __rt_lib_shutdown_heap_1                 0x08000211   Thumb Code     0  libshutdown2.o(.ARM.Collect$$libshutdown$$0000000F)
    __rt_lib_shutdown_return                 0x08000211   Thumb Code     0  libshutdown2.o(.ARM.Collect$$libshutdown$$00000010)
    __rt_lib_shutdown_signal_1               0x08000211   Thumb Code     0  libshutdown2.o(.ARM.Collect$$libshutdown$$0000000A)
    __rt_lib_shutdown_stdio_1                0x08000211   Thumb Code     0  libshutdown2.o(.ARM.Collect$$libshutdown$$00000004)
    __rt_lib_shutdown_user_alloc_1           0x08000211   Thumb Code     0  libshutdown2.o(.ARM.Collect$$libshutdown$$0000000C)
    __rt_entry                               0x08000213   Thumb Code     0  __rtentry.o(.ARM.Collect$$rtentry$$00000000)
    __rt_entry_presh_1                       0x08000213   Thumb Code     0  __rtentry2.o(.ARM.Collect$$rtentry$$00000002)
    __rt_entry_sh                            0x08000213   Thumb Code     0  __rtentry4.o(.ARM.Collect$$rtentry$$00000004)
    __rt_entry_li                            0x08000219   Thumb Code     0  __rtentry2.o(.ARM.Collect$$rtentry$$0000000A)
    __rt_entry_postsh_1                      0x08000219   Thumb Code     0  __rtentry2.o(.ARM.Collect$$rtentry$$00000009)
    __rt_entry_main                          0x0800021d   Thumb Code     0  __rtentry2.o(.ARM.Collect$$rtentry$$0000000D)
    __rt_entry_postli_1                      0x0800021d   Thumb Code     0  __rtentry2.o(.ARM.Collect$$rtentry$$0000000C)
    __rt_exit                                0x08000225   Thumb Code     0  rtexit.o(.ARM.Collect$$rtexit$$00000000)
    __rt_exit_ls                             0x08000227   Thumb Code     0  rtexit2.o(.ARM.Collect$$rtexit$$00000003)
    __rt_exit_prels_1                        0x08000227   Thumb Code     0  rtexit2.o(.ARM.Collect$$rtexit$$00000002)
    __rt_exit_exit                           0x0800022b   Thumb Code     0  rtexit2.o(.ARM.Collect$$rtexit$$00000004)
    Reset_Handler                            0x08000231   Thumb Code     8  startup_stm32f407xx.o(.text)
    NMI_Handler                              0x08000239   Thumb Code     2  startup_stm32f407xx.o(.text)
    HardFault_Handler                        0x0800023b   Thumb Code     2  startup_stm32f407xx.o(.text)
    MemManage_Handler                        0x0800023d   Thumb Code     2  startup_stm32f407xx.o(.text)
    BusFault_Handler                         0x0800023f   Thumb Code     2  startup_stm32f407xx.o(.text)
    UsageFault_Handler                       0x08000241   Thumb Code     2  startup_stm32f407xx.o(.text)
    SVC_Handler                              0x08000243   Thumb Code     2  startup_stm32f407xx.o(.text)
    DebugMon_Handler                         0x08000245   Thumb Code     2  startup_stm32f407xx.o(.text)
    PendSV_Handler                           0x08000247   Thumb Code     2  startup_stm32f407xx.o(.text)
    SysTick_Handler                          0x08000249   Thumb Code     2  startup_stm32f407xx.o(.text)
    ADC_IRQHandler                           0x0800024b   Thumb Code     0  startup_stm32f407xx.o(.text)
    CAN1_RX0_IRQHandler                      0x0800024b   Thumb Code     0  startup_stm32f407xx.o(.text)
    CAN1_RX1_IRQHandler                      0x0800024b   Thumb Code     0  startup_stm32f407xx.o(.text)
    CAN1_SCE_IRQHandler                      0x0800024b   Thumb Code     0  startup_stm32f407xx.o(.text)
    CAN1_TX_IRQHandler                       0x0800024b   Thumb Code     0  startup_stm32f407xx.o(.text)
    CAN2_RX0_IRQHandler                      0x0800024b   Thumb Code     0  startup_stm32f407xx.o(.text)
    CAN2_RX1_IRQHandler                      0x0800024b   Thumb Code     0  startup_stm32f407xx.o(.text)
    CAN2_SCE_IRQHandler                      0x0800024b   Thumb Code     0  startup_stm32f407xx.o(.text)
    CAN2_TX_IRQHandler                       0x0800024b   Thumb Code     0  startup_stm32f407xx.o(.text)
    DCMI_IRQHandler                          0x0800024b   Thumb Code     0  startup_stm32f407xx.o(.text)
    DMA1_Stream0_IRQHandler                  0x0800024b   Thumb Code     0  startup_stm32f407xx.o(.text)
    DMA1_Stream1_IRQHandler                  0x0800024b   Thumb Code     0  startup_stm32f407xx.o(.text)
    DMA1_Stream2_IRQHandler                  0x0800024b   Thumb Code     0  startup_stm32f407xx.o(.text)
    DMA1_Stream3_IRQHandler                  0x0800024b   Thumb Code     0  startup_stm32f407xx.o(.text)
    DMA1_Stream4_IRQHandler                  0x0800024b   Thumb Code     0  startup_stm32f407xx.o(.text)
    DMA1_Stream5_IRQHandler                  0x0800024b   Thumb Code     0  startup_stm32f407xx.o(.text)
    DMA1_Stream6_IRQHandler                  0x0800024b   Thumb Code     0  startup_stm32f407xx.o(.text)
    DMA1_Stream7_IRQHandler                  0x0800024b   Thumb Code     0  startup_stm32f407xx.o(.text)
    DMA2_Stream0_IRQHandler                  0x0800024b   Thumb Code     0  startup_stm32f407xx.o(.text)
    DMA2_Stream1_IRQHandler                  0x0800024b   Thumb Code     0  startup_stm32f407xx.o(.text)
    DMA2_Stream2_IRQHandler                  0x0800024b   Thumb Code     0  startup_stm32f407xx.o(.text)
    DMA2_Stream3_IRQHandler                  0x0800024b   Thumb Code     0  startup_stm32f407xx.o(.text)
    DMA2_Stream4_IRQHandler                  0x0800024b   Thumb Code     0  startup_stm32f407xx.o(.text)
    DMA2_Stream5_IRQHandler                  0x0800024b   Thumb Code     0  startup_stm32f407xx.o(.text)
    DMA2_Stream6_IRQHandler                  0x0800024b   Thumb Code     0  startup_stm32f407xx.o(.text)
    DMA2_Stream7_IRQHandler                  0x0800024b   Thumb Code     0  startup_stm32f407xx.o(.text)
    ETH_IRQHandler                           0x0800024b   Thumb Code     0  startup_stm32f407xx.o(.text)
    ETH_WKUP_IRQHandler                      0x0800024b   Thumb Code     0  startup_stm32f407xx.o(.text)
    EXTI0_IRQHandler                         0x0800024b   Thumb Code     0  startup_stm32f407xx.o(.text)
    EXTI15_10_IRQHandler                     0x0800024b   Thumb Code     0  startup_stm32f407xx.o(.text)
    EXTI1_IRQHandler                         0x0800024b   Thumb Code     0  startup_stm32f407xx.o(.text)
    EXTI2_IRQHandler                         0x0800024b   Thumb Code     0  startup_stm32f407xx.o(.text)
    EXTI3_IRQHandler                         0x0800024b   Thumb Code     0  startup_stm32f407xx.o(.text)
    EXTI4_IRQHandler                         0x0800024b   Thumb Code     0  startup_stm32f407xx.o(.text)
    EXTI9_5_IRQHandler                       0x0800024b   Thumb Code     0  startup_stm32f407xx.o(.text)
    FLASH_IRQHandler                         0x0800024b   Thumb Code     0  startup_stm32f407xx.o(.text)
    FMC_IRQHandler                           0x0800024b   Thumb Code     0  startup_stm32f407xx.o(.text)
    FPU_IRQHandler                           0x0800024b   Thumb Code     0  startup_stm32f407xx.o(.text)
    HASH_RNG_IRQHandler                      0x0800024b   Thumb Code     0  startup_stm32f407xx.o(.text)
    I2C2_ER_IRQHandler                       0x0800024b   Thumb Code     0  startup_stm32f407xx.o(.text)
    I2C2_EV_IRQHandler                       0x0800024b   Thumb Code     0  startup_stm32f407xx.o(.text)
    I2C3_ER_IRQHandler                       0x0800024b   Thumb Code     0  startup_stm32f407xx.o(.text)
    I2C3_EV_IRQHandler                       0x0800024b   Thumb Code     0  startup_stm32f407xx.o(.text)
    OTG_FS_IRQHandler                        0x0800024b   Thumb Code     0  startup_stm32f407xx.o(.text)
    OTG_FS_WKUP_IRQHandler                   0x0800024b   Thumb Code     0  startup_stm32f407xx.o(.text)
    OTG_HS_EP1_IN_IRQHandler                 0x0800024b   Thumb Code     0  startup_stm32f407xx.o(.text)
    OTG_HS_EP1_OUT_IRQHandler                0x0800024b   Thumb Code     0  startup_stm32f407xx.o(.text)
    OTG_HS_IRQHandler                        0x0800024b   Thumb Code     0  startup_stm32f407xx.o(.text)
    OTG_HS_WKUP_IRQHandler                   0x0800024b   Thumb Code     0  startup_stm32f407xx.o(.text)
    PVD_IRQHandler                           0x0800024b   Thumb Code     0  startup_stm32f407xx.o(.text)
    RCC_IRQHandler                           0x0800024b   Thumb Code     0  startup_stm32f407xx.o(.text)
    RTC_Alarm_IRQHandler                     0x0800024b   Thumb Code     0  startup_stm32f407xx.o(.text)
    RTC_WKUP_IRQHandler                      0x0800024b   Thumb Code     0  startup_stm32f407xx.o(.text)
    SDIO_IRQHandler                          0x0800024b   Thumb Code     0  startup_stm32f407xx.o(.text)
    SPI1_IRQHandler                          0x0800024b   Thumb Code     0  startup_stm32f407xx.o(.text)
    SPI2_IRQHandler                          0x0800024b   Thumb Code     0  startup_stm32f407xx.o(.text)
    SPI3_IRQHandler                          0x0800024b   Thumb Code     0  startup_stm32f407xx.o(.text)
    TAMP_STAMP_IRQHandler                    0x0800024b   Thumb Code     0  startup_stm32f407xx.o(.text)
    TIM1_BRK_TIM9_IRQHandler                 0x0800024b   Thumb Code     0  startup_stm32f407xx.o(.text)
    TIM1_CC_IRQHandler                       0x0800024b   Thumb Code     0  startup_stm32f407xx.o(.text)
    TIM1_TRG_COM_TIM11_IRQHandler            0x0800024b   Thumb Code     0  startup_stm32f407xx.o(.text)
    TIM1_UP_TIM10_IRQHandler                 0x0800024b   Thumb Code     0  startup_stm32f407xx.o(.text)
    TIM2_IRQHandler                          0x0800024b   Thumb Code     0  startup_stm32f407xx.o(.text)
    TIM3_IRQHandler                          0x0800024b   Thumb Code     0  startup_stm32f407xx.o(.text)
    TIM4_IRQHandler                          0x0800024b   Thumb Code     0  startup_stm32f407xx.o(.text)
    TIM5_IRQHandler                          0x0800024b   Thumb Code     0  startup_stm32f407xx.o(.text)
    TIM6_DAC_IRQHandler                      0x0800024b   Thumb Code     0  startup_stm32f407xx.o(.text)
    TIM7_IRQHandler                          0x0800024b   Thumb Code     0  startup_stm32f407xx.o(.text)
    TIM8_BRK_TIM12_IRQHandler                0x0800024b   Thumb Code     0  startup_stm32f407xx.o(.text)
    TIM8_CC_IRQHandler                       0x0800024b   Thumb Code     0  startup_stm32f407xx.o(.text)
    TIM8_TRG_COM_TIM14_IRQHandler            0x0800024b   Thumb Code     0  startup_stm32f407xx.o(.text)
    TIM8_UP_TIM13_IRQHandler                 0x0800024b   Thumb Code     0  startup_stm32f407xx.o(.text)
    UART4_IRQHandler                         0x0800024b   Thumb Code     0  startup_stm32f407xx.o(.text)
    UART5_IRQHandler                         0x0800024b   Thumb Code     0  startup_stm32f407xx.o(.text)
    USART1_IRQHandler                        0x0800024b   Thumb Code     0  startup_stm32f407xx.o(.text)
    USART2_IRQHandler                        0x0800024b   Thumb Code     0  startup_stm32f407xx.o(.text)
    USART6_IRQHandler                        0x0800024b   Thumb Code     0  startup_stm32f407xx.o(.text)
    WWDG_IRQHandler                          0x0800024b   Thumb Code     0  startup_stm32f407xx.o(.text)
    __user_initial_stackheap                 0x0800024d   Thumb Code     0  startup_stm32f407xx.o(.text)
    __2sprintf                               0x08000271   Thumb Code    34  noretval__2sprintf.o(.text)
    __printf                                 0x08000299   Thumb Code   104  __printf.o(.text)
    _printf_int_dec                          0x08000301   Thumb Code   104  _printf_dec.o(.text)
    __aeabi_memclr4                          0x08000379   Thumb Code     0  rt_memclr_w.o(.text)
    __aeabi_memclr8                          0x08000379   Thumb Code     0  rt_memclr_w.o(.text)
    __rt_memclr_w                            0x08000379   Thumb Code    78  rt_memclr_w.o(.text)
    _memset_w                                0x0800037d   Thumb Code     0  rt_memclr_w.o(.text)
    __use_two_region_memory                  0x080003c7   Thumb Code     2  heapauxi.o(.text)
    __rt_heap_escrow$2region                 0x080003c9   Thumb Code     2  heapauxi.o(.text)
    __rt_heap_expand$2region                 0x080003cb   Thumb Code     2  heapauxi.o(.text)
    _printf_int_common                       0x080003cd   Thumb Code   178  _printf_intcommon.o(.text)
    _printf_char_common                      0x0800048b   Thumb Code    32  _printf_char_common.o(.text)
    _sputc                                   0x080004b1   Thumb Code    10  _sputc.o(.text)
    __user_setup_stackheap                   0x080004bb   Thumb Code    74  sys_stackheap_outer.o(.text)
    exit                                     0x08000505   Thumb Code    18  exit.o(.text)
    __user_libspace                          0x08000519   Thumb Code     8  libspace.o(.text)
    __user_perproc_libspace                  0x08000519   Thumb Code     0  libspace.o(.text)
    __user_perthread_libspace                0x08000519   Thumb Code     0  libspace.o(.text)
    _sys_exit                                0x08000521   Thumb Code     8  sys_exit.o(.text)
    __I$use$semihosting                      0x0800052d   Thumb Code     0  use_no_semi.o(.text)
    __use_no_semihosting_swi                 0x0800052d   Thumb Code     2  use_no_semi.o(.text)
    __semihosting_library_function           0x0800052f   Thumb Code     0  indicate_semi.o(.text)
    HAL_DMA_Abort                            0x08000945   Thumb Code   170  stm32f4xx_hal_dma.o(i.HAL_DMA_Abort)
    HAL_DMA_Init                             0x080009f1   Thumb Code   232  stm32f4xx_hal_dma.o(i.HAL_DMA_Init)
    HAL_DMA_Start_IT                         0x08000add   Thumb Code   158  stm32f4xx_hal_dma.o(i.HAL_DMA_Start_IT)
    HAL_Delay                                0x08000b7d   Thumb Code    36  stm32f4xx_hal.o(i.HAL_Delay)
    HAL_GPIO_DeInit                          0x08000ba5   Thumb Code   316  stm32f4xx_hal_gpio.o(i.HAL_GPIO_DeInit)
    HAL_GPIO_Init                            0x08000d09   Thumb Code   466  stm32f4xx_hal_gpio.o(i.HAL_GPIO_Init)
    HAL_GPIO_ReadPin                         0x08000f09   Thumb Code    16  stm32f4xx_hal_gpio.o(i.HAL_GPIO_ReadPin)
    HAL_GPIO_WritePin                        0x08000f19   Thumb Code    12  stm32f4xx_hal_gpio.o(i.HAL_GPIO_WritePin)
    HAL_GetTick                              0x08000f25   Thumb Code     6  stm32f4xx_hal.o(i.HAL_GetTick)
    HAL_NVIC_ClearPendingIRQ                 0x08000f31   Thumb Code    30  stm32f4xx_hal_cortex.o(i.HAL_NVIC_ClearPendingIRQ)
    HAL_NVIC_DisableIRQ                      0x08000f55   Thumb Code    62  stm32f4xx_hal_cortex.o(i.HAL_NVIC_DisableIRQ)
    HAL_NVIC_EnableIRQ                       0x08000f99   Thumb Code    40  stm32f4xx_hal_cortex.o(i.HAL_NVIC_EnableIRQ)
    HAL_RCC_GetHCLKFreq                      0x08000fc1   Thumb Code     6  stm32f4xx_hal_rcc.o(i.HAL_RCC_GetHCLKFreq)
    HAL_RCC_GetPCLK1Freq                     0x08000fcd   Thumb Code    22  stm32f4xx_hal_rcc.o(i.HAL_RCC_GetPCLK1Freq)
    I2C1_ER_IRQHandler                       0x08001005   Thumb Code    10  i2c_stm32f4xx.o(i.I2C1_ER_IRQHandler)
    I2C1_EV_IRQHandler                       0x08001015   Thumb Code    10  i2c_stm32f4xx.o(i.I2C1_EV_IRQHandler)
    Init_I2C                                 0x0800254d   Thumb Code    30  mainprojet.o(i.Init_I2C)
    Init_UART                                0x08002571   Thumb Code    52  mainprojet.o(i.Init_UART)
    LED_Initialize                           0x080025a9   Thumb Code    68  led_f4discovery.o(i.LED_Initialize)
    LED_Off                                  0x080025f5   Thumb Code    40  led_f4discovery.o(i.LED_Off)
    LED_On                                   0x08002621   Thumb Code    40  led_f4discovery.o(i.LED_On)
    SystemInit                               0x0800264d   Thumb Code    82  system_stm32f4xx.o(i.SystemInit)
    USART3_IRQHandler                        0x08002719   Thumb Code    10  usart_stm32f4xx.o(i.USART3_IRQHandler)
    USART_IRQHandler                         0x0800321f   Thumb Code   626  usart_stm32f4xx.o(i.USART_IRQHandler)
    main                                     0x08003bbd   Thumb Code   408  mainprojet.o(i.main)
    readNBytes                               0x08003dc5   Thumb Code    40  mainprojet.o(i.readNBytes)
    write1byte                               0x08003df5   Thumb Code    54  mainprojet.o(i.write1byte)
    writeCmd                                 0x08003e31   Thumb Code    40  mainprojet.o(i.writeCmd)
    _fp_init                                 0x08003e5d   Thumb Code    10  fpinit.o(x$fpl$fpinit)
    __fplib_config_fpu_vfp                   0x08003e65   Thumb Code     0  fpinit.o(x$fpl$fpinit)
    __fplib_config_pureend_doubles           0x08003e65   Thumb Code     0  fpinit.o(x$fpl$fpinit)
    Driver_I2C1                              0x08003ec0   Data          48  i2c_stm32f4xx.o(.constdata)
    Driver_USART3                            0x08003f40   Data          56  usart_stm32f4xx.o(.constdata)
    AHBPrescTable                            0x08003f80   Data          16  system_stm32f4xx.o(.constdata)
    APBPrescTable                            0x08003f90   Data           8  system_stm32f4xx.o(.constdata)
    Region$$Table$$Base                      0x08003f98   Number         0  anon$$obj.o(Region$$Table)
    Region$$Table$$Limit                     0x08003fb8   Number         0  anon$$obj.o(Region$$Table)
    uwTick                                   0x20000000   Data           4  stm32f4xx_hal.o(.data)
    uwTickPrio                               0x20000004   Data           4  stm32f4xx_hal.o(.data)
    uwTickFreq                               0x20000008   Data           1  stm32f4xx_hal.o(.data)
    SystemCoreClock                          0x2000000c   Data           4  system_stm32f4xx.o(.data)
    dataLue                                  0x20000010   Data          10  mainprojet.o(.bss)
    __libspace_start                         0x2000007c   Data          96  libspace.o(.bss)
    __temporary_stack_top$libspace           0x200000dc   Data           0  libspace.o(.bss)



==============================================================================

Memory Map of the image

  Image Entry point : 0x08000189

  Load Region LR_IROM1 (Base: 0x08000000, Size: 0x00003fc8, Max: 0x00100000, ABSOLUTE)

    Execution Region ER_IROM1 (Base: 0x08000000, Size: 0x00003fb8, Max: 0x00100000, ABSOLUTE)

    Base Addr    Size         Type   Attr      Idx    E Section Name        Object

    0x08000000   0x00000188   Data   RO         2182    RESET               startup_stm32f407xx.o
    0x08000188   0x00000008   Code   RO         2262  * !!!main             c_w.l(__main.o)
    0x08000190   0x00000034   Code   RO         2438    !!!scatter          c_w.l(__scatter.o)
    0x080001c4   0x0000001a   Code   RO         2440    !!handler_copy      c_w.l(__scatter_copy.o)
    0x080001de   0x00000002   PAD
    0x080001e0   0x0000001c   Code   RO         2442    !!handler_zi        c_w.l(__scatter_zi.o)
    0x080001fc   0x00000000   Code   RO         2257    .ARM.Collect$$_printf_percent$$00000000  c_w.l(_printf_percent.o)
    0x080001fc   0x00000006   Code   RO         2256    .ARM.Collect$$_printf_percent$$00000009  c_w.l(_printf_d.o)
    0x08000202   0x00000004   Code   RO         2275    .ARM.Collect$$_printf_percent$$00000017  c_w.l(_printf_percent_end.o)
    0x08000206   0x00000002   Code   RO         2308    .ARM.Collect$$libinit$$00000000  c_w.l(libinit.o)
    0x08000208   0x00000004   Code   RO         2320    .ARM.Collect$$libinit$$00000001  c_w.l(libinit2.o)
    0x0800020c   0x00000000   Code   RO         2323    .ARM.Collect$$libinit$$00000004  c_w.l(libinit2.o)
    0x0800020c   0x00000000   Code   RO         2326    .ARM.Collect$$libinit$$0000000A  c_w.l(libinit2.o)
    0x0800020c   0x00000000   Code   RO         2328    .ARM.Collect$$libinit$$0000000C  c_w.l(libinit2.o)
    0x0800020c   0x00000000   Code   RO         2330    .ARM.Collect$$libinit$$0000000E  c_w.l(libinit2.o)
    0x0800020c   0x00000000   Code   RO         2333    .ARM.Collect$$libinit$$00000011  c_w.l(libinit2.o)
    0x0800020c   0x00000000   Code   RO         2335    .ARM.Collect$$libinit$$00000013  c_w.l(libinit2.o)
    0x0800020c   0x00000000   Code   RO         2337    .ARM.Collect$$libinit$$00000015  c_w.l(libinit2.o)
    0x0800020c   0x00000000   Code   RO         2339    .ARM.Collect$$libinit$$00000017  c_w.l(libinit2.o)
    0x0800020c   0x00000000   Code   RO         2341    .ARM.Collect$$libinit$$00000019  c_w.l(libinit2.o)
    0x0800020c   0x00000000   Code   RO         2343    .ARM.Collect$$libinit$$0000001B  c_w.l(libinit2.o)
    0x0800020c   0x00000000   Code   RO         2345    .ARM.Collect$$libinit$$0000001D  c_w.l(libinit2.o)
    0x0800020c   0x00000000   Code   RO         2347    .ARM.Collect$$libinit$$0000001F  c_w.l(libinit2.o)
    0x0800020c   0x00000000   Code   RO         2349    .ARM.Collect$$libinit$$00000021  c_w.l(libinit2.o)
    0x0800020c   0x00000000   Code   RO         2351    .ARM.Collect$$libinit$$00000023  c_w.l(libinit2.o)
    0x0800020c   0x00000000   Code   RO         2353    .ARM.Collect$$libinit$$00000025  c_w.l(libinit2.o)
    0x0800020c   0x00000000   Code   RO         2357    .ARM.Collect$$libinit$$0000002C  c_w.l(libinit2.o)
    0x0800020c   0x00000000   Code   RO         2359    .ARM.Collect$$libinit$$0000002E  c_w.l(libinit2.o)
    0x0800020c   0x00000000   Code   RO         2361    .ARM.Collect$$libinit$$00000030  c_w.l(libinit2.o)
    0x0800020c   0x00000000   Code   RO         2363    .ARM.Collect$$libinit$$00000032  c_w.l(libinit2.o)
    0x0800020c   0x00000002   Code   RO         2364    .ARM.Collect$$libinit$$00000033  c_w.l(libinit2.o)
    0x0800020e   0x00000002   Code   RO         2395    .ARM.Collect$$libshutdown$$00000000  c_w.l(libshutdown.o)
    0x08000210   0x00000000   Code   RO         2421    .ARM.Collect$$libshutdown$$00000002  c_w.l(libshutdown2.o)
    0x08000210   0x00000000   Code   RO         2423    .ARM.Collect$$libshutdown$$00000004  c_w.l(libshutdown2.o)
    0x08000210   0x00000000   Code   RO         2426    .ARM.Collect$$libshutdown$$00000007  c_w.l(libshutdown2.o)
    0x08000210   0x00000000   Code   RO         2429    .ARM.Collect$$libshutdown$$0000000A  c_w.l(libshutdown2.o)
    0x08000210   0x00000000   Code   RO         2431    .ARM.Collect$$libshutdown$$0000000C  c_w.l(libshutdown2.o)
    0x08000210   0x00000000   Code   RO         2434    .ARM.Collect$$libshutdown$$0000000F  c_w.l(libshutdown2.o)
    0x08000210   0x00000002   Code   RO         2435    .ARM.Collect$$libshutdown$$00000010  c_w.l(libshutdown2.o)
    0x08000212   0x00000000   Code   RO         2264    .ARM.Collect$$rtentry$$00000000  c_w.l(__rtentry.o)
    0x08000212   0x00000000   Code   RO         2277    .ARM.Collect$$rtentry$$00000002  c_w.l(__rtentry2.o)
    0x08000212   0x00000006   Code   RO         2289    .ARM.Collect$$rtentry$$00000004  c_w.l(__rtentry4.o)
    0x08000218   0x00000000   Code   RO         2279    .ARM.Collect$$rtentry$$00000009  c_w.l(__rtentry2.o)
    0x08000218   0x00000004   Code   RO         2280    .ARM.Collect$$rtentry$$0000000A  c_w.l(__rtentry2.o)
    0x0800021c   0x00000000   Code   RO         2282    .ARM.Collect$$rtentry$$0000000C  c_w.l(__rtentry2.o)
    0x0800021c   0x00000008   Code   RO         2283    .ARM.Collect$$rtentry$$0000000D  c_w.l(__rtentry2.o)
    0x08000224   0x00000002   Code   RO         2312    .ARM.Collect$$rtexit$$00000000  c_w.l(rtexit.o)
    0x08000226   0x00000000   Code   RO         2368    .ARM.Collect$$rtexit$$00000002  c_w.l(rtexit2.o)
    0x08000226   0x00000004   Code   RO         2369    .ARM.Collect$$rtexit$$00000003  c_w.l(rtexit2.o)
    0x0800022a   0x00000006   Code   RO         2370    .ARM.Collect$$rtexit$$00000004  c_w.l(rtexit2.o)
    0x08000230   0x00000040   Code   RO         2183    .text               startup_stm32f407xx.o
    0x08000270   0x00000028   Code   RO         2230    .text               c_w.l(noretval__2sprintf.o)
    0x08000298   0x00000068   Code   RO         2232    .text               c_w.l(__printf.o)
    0x08000300   0x00000078   Code   RO         2234    .text               c_w.l(_printf_dec.o)
    0x08000378   0x0000004e   Code   RO         2258    .text               c_w.l(rt_memclr_w.o)
    0x080003c6   0x00000006   Code   RO         2260    .text               c_w.l(heapauxi.o)
    0x080003cc   0x000000b2   Code   RO         2269    .text               c_w.l(_printf_intcommon.o)
    0x0800047e   0x00000002   PAD
    0x08000480   0x00000030   Code   RO         2271    .text               c_w.l(_printf_char_common.o)
    0x080004b0   0x0000000a   Code   RO         2273    .text               c_w.l(_sputc.o)
    0x080004ba   0x0000004a   Code   RO         2295    .text               c_w.l(sys_stackheap_outer.o)
    0x08000504   0x00000012   Code   RO         2297    .text               c_w.l(exit.o)
    0x08000516   0x00000002   PAD
    0x08000518   0x00000008   Code   RO         2309    .text               c_w.l(libspace.o)
    0x08000520   0x0000000c   Code   RO         2365    .text               c_w.l(sys_exit.o)
    0x0800052c   0x00000002   Code   RO         2384    .text               c_w.l(use_no_semi.o)
    0x0800052e   0x00000000   Code   RO         2386    .text               c_w.l(indicate_semi.o)
    0x0800052e   0x00000002   PAD
    0x08000530   0x00000034   Code   RO          912    i.DMA_CalcBaseAndBitshift  stm32f4xx_hal_dma.o
    0x08000564   0x000000aa   Code   RO          913    i.DMA_CheckFifoParam  stm32f4xx_hal_dma.o
    0x0800060e   0x0000002c   Code   RO          914    i.DMA_SetConfig     stm32f4xx_hal_dma.o
    0x0800063a   0x00000002   PAD
    0x0800063c   0x00000184   Code   RO          217    i.Enable_GPIO_Clock  i2c_stm32f4xx.o
    0x080007c0   0x00000184   Code   RO          388    i.Enable_GPIO_Clock  usart_stm32f4xx.o
    0x08000944   0x000000aa   Code   RO          915    i.HAL_DMA_Abort     stm32f4xx_hal_dma.o
    0x080009ee   0x00000002   PAD
    0x080009f0   0x000000ec   Code   RO          921    i.HAL_DMA_Init      stm32f4xx_hal_dma.o
    0x08000adc   0x0000009e   Code   RO          925    i.HAL_DMA_Start_IT  stm32f4xx_hal_dma.o
    0x08000b7a   0x00000002   PAD
    0x08000b7c   0x00000028   Code   RO          596    i.HAL_Delay         stm32f4xx_hal.o
    0x08000ba4   0x00000164   Code   RO         1059    i.HAL_GPIO_DeInit   stm32f4xx_hal_gpio.o
    0x08000d08   0x00000200   Code   RO         1062    i.HAL_GPIO_Init     stm32f4xx_hal_gpio.o
    0x08000f08   0x00000010   Code   RO         1064    i.HAL_GPIO_ReadPin  stm32f4xx_hal_gpio.o
    0x08000f18   0x0000000c   Code   RO         1066    i.HAL_GPIO_WritePin  stm32f4xx_hal_gpio.o
    0x08000f24   0x0000000c   Code   RO          602    i.HAL_GetTick       stm32f4xx_hal.o
    0x08000f30   0x00000024   Code   RO          775    i.HAL_NVIC_ClearPendingIRQ  stm32f4xx_hal_cortex.o
    0x08000f54   0x00000044   Code   RO          776    i.HAL_NVIC_DisableIRQ  stm32f4xx_hal_cortex.o
    0x08000f98   0x00000028   Code   RO          777    i.HAL_NVIC_EnableIRQ  stm32f4xx_hal_cortex.o
    0x08000fc0   0x0000000c   Code   RO         1767    i.HAL_RCC_GetHCLKFreq  stm32f4xx_hal_rcc.o
    0x08000fcc   0x00000020   Code   RO         1769    i.HAL_RCC_GetPCLK1Freq  stm32f4xx_hal_rcc.o
    0x08000fec   0x00000018   Code   RO          218    i.I2C1_Control      i2c_stm32f4xx.o
    0x08001004   0x00000010   Code   RO          219    i.I2C1_ER_IRQHandler  i2c_stm32f4xx.o
    0x08001014   0x00000010   Code   RO          220    i.I2C1_EV_IRQHandler  i2c_stm32f4xx.o
    0x08001024   0x00000010   Code   RO          221    i.I2C1_GetDataCount  i2c_stm32f4xx.o
    0x08001034   0x00000010   Code   RO          222    i.I2C1_GetStatus    i2c_stm32f4xx.o
    0x08001044   0x00000014   Code   RO          223    i.I2C1_Initialize   i2c_stm32f4xx.o
    0x08001058   0x00000020   Code   RO          224    i.I2C1_MasterReceive  i2c_stm32f4xx.o
    0x08001078   0x00000020   Code   RO          225    i.I2C1_MasterTransmit  i2c_stm32f4xx.o
    0x08001098   0x00000014   Code   RO          226    i.I2C1_PowerControl  i2c_stm32f4xx.o
    0x080010ac   0x00000018   Code   RO          227    i.I2C1_SlaveReceive  i2c_stm32f4xx.o
    0x080010c4   0x00000018   Code   RO          228    i.I2C1_SlaveTransmit  i2c_stm32f4xx.o
    0x080010dc   0x00000010   Code   RO          229    i.I2C1_Uninitialize  i2c_stm32f4xx.o
    0x080010ec   0x0000000c   Code   RO          230    i.I2CX_GetCapabilities  i2c_stm32f4xx.o
    0x080010f8   0x00000010   Code   RO          231    i.I2CX_GetVersion   i2c_stm32f4xx.o
    0x08001108   0x0000034c   Code   RO          232    i.I2C_Control       i2c_stm32f4xx.o
    0x08001454   0x00000206   Code   RO          233    i.I2C_ER_IRQHandler  i2c_stm32f4xx.o
    0x0800165a   0x000006a8   Code   RO          234    i.I2C_EV_IRQHandler  i2c_stm32f4xx.o
    0x08001d02   0x00000034   Code   RO          235    i.I2C_GetDataCount  i2c_stm32f4xx.o
    0x08001d36   0x00000008   Code   RO          236    i.I2C_GetStatus     i2c_stm32f4xx.o
    0x08001d3e   0x00000002   PAD
    0x08001d40   0x000001c0   Code   RO          237    i.I2C_Initialize    i2c_stm32f4xx.o
    0x08001f00   0x00000144   Code   RO          238    i.I2C_MasterReceive  i2c_stm32f4xx.o
    0x08002044   0x0000012a   Code   RO          239    i.I2C_MasterTransmit  i2c_stm32f4xx.o
    0x0800216e   0x00000002   PAD
    0x08002170   0x00000298   Code   RO          240    i.I2C_PowerControl  i2c_stm32f4xx.o
    0x08002408   0x00000088   Code   RO          241    i.I2C_SlaveReceive  i2c_stm32f4xx.o
    0x08002490   0x00000088   Code   RO          242    i.I2C_SlaveTransmit  i2c_stm32f4xx.o
    0x08002518   0x00000034   Code   RO          243    i.I2C_Uninitialize  i2c_stm32f4xx.o
    0x0800254c   0x00000024   Code   RO            1    i.Init_I2C          mainprojet.o
    0x08002570   0x00000038   Code   RO            2    i.Init_UART         mainprojet.o
    0x080025a8   0x0000004c   Code   RO           78    i.LED_Initialize    led_f4discovery.o
    0x080025f4   0x0000002c   Code   RO           79    i.LED_Off           led_f4discovery.o
    0x08002620   0x0000002c   Code   RO           80    i.LED_On            led_f4discovery.o
    0x0800264c   0x00000064   Code   RO         2191    i.SystemInit        system_stm32f4xx.o
    0x080026b0   0x00000018   Code   RO          389    i.USART3_Control    usart_stm32f4xx.o
    0x080026c8   0x00000010   Code   RO          390    i.USART3_GetCapabilities  usart_stm32f4xx.o
    0x080026d8   0x00000010   Code   RO          391    i.USART3_GetModemStatus  usart_stm32f4xx.o
    0x080026e8   0x00000010   Code   RO          392    i.USART3_GetRxCount  usart_stm32f4xx.o
    0x080026f8   0x00000010   Code   RO          393    i.USART3_GetStatus  usart_stm32f4xx.o
    0x08002708   0x00000010   Code   RO          394    i.USART3_GetTxCount  usart_stm32f4xx.o
    0x08002718   0x00000010   Code   RO          395    i.USART3_IRQHandler  usart_stm32f4xx.o
    0x08002728   0x00000014   Code   RO          396    i.USART3_Initialize  usart_stm32f4xx.o
    0x0800273c   0x00000014   Code   RO          397    i.USART3_PowerControl  usart_stm32f4xx.o
    0x08002750   0x00000018   Code   RO          398    i.USART3_Receive    usart_stm32f4xx.o
    0x08002768   0x00000018   Code   RO          399    i.USART3_Send       usart_stm32f4xx.o
    0x08002780   0x00000014   Code   RO          400    i.USART3_SetModemControl  usart_stm32f4xx.o
    0x08002794   0x0000001c   Code   RO          401    i.USART3_Transfer   usart_stm32f4xx.o
    0x080027b0   0x00000010   Code   RO          402    i.USART3_Uninitialize  usart_stm32f4xx.o
    0x080027c0   0x000008e8   Code   RO          403    i.USART_Control     usart_stm32f4xx.o
    0x080030a8   0x00000006   Code   RO          404    i.USART_GetCapabilities  usart_stm32f4xx.o
    0x080030ae   0x0000008c   Code   RO          405    i.USART_GetModemStatus  usart_stm32f4xx.o
    0x0800313a   0x00000008   Code   RO          406    i.USART_GetRxCount  usart_stm32f4xx.o
    0x08003142   0x000000d4   Code   RO          407    i.USART_GetStatus   usart_stm32f4xx.o
    0x08003216   0x00000008   Code   RO          408    i.USART_GetTxCount  usart_stm32f4xx.o
    0x0800321e   0x00000272   Code   RO          409    i.USART_IRQHandler  usart_stm32f4xx.o
    0x08003490   0x00000092   Code   RO          410    i.USART_Initialize  usart_stm32f4xx.o
    0x08003522   0x00000002   PAD
    0x08003524   0x00000134   Code   RO          411    i.USART_PeripheralReset  usart_stm32f4xx.o
    0x08003658   0x000002c8   Code   RO          412    i.USART_PowerControl  usart_stm32f4xx.o
    0x08003920   0x000000a2   Code   RO          413    i.USART_Receive     usart_stm32f4xx.o
    0x080039c2   0x00000088   Code   RO          414    i.USART_Send        usart_stm32f4xx.o
    0x08003a4a   0x0000008c   Code   RO          415    i.USART_SetModemControl  usart_stm32f4xx.o
    0x08003ad6   0x0000006a   Code   RO          416    i.USART_Transfer    usart_stm32f4xx.o
    0x08003b40   0x0000006a   Code   RO          417    i.USART_Uninitialize  usart_stm32f4xx.o
    0x08003baa   0x00000002   PAD
    0x08003bac   0x00000010   Code   RO          418    i.USARTx_GetVersion  usart_stm32f4xx.o
    0x08003bbc   0x00000208   Code   RO            3    i.main              mainprojet.o
    0x08003dc4   0x00000030   Code   RO            4    i.readNBytes        mainprojet.o
    0x08003df4   0x0000003c   Code   RO            5    i.write1byte        mainprojet.o
    0x08003e30   0x0000002c   Code   RO            6    i.writeCmd          mainprojet.o
    0x08003e5c   0x0000000a   Code   RO         2380    x$fpl$fpinit        fz_wm.l(fpinit.o)
    0x08003e66   0x00000002   PAD
    0x08003e68   0x00000020   Data   RO           83    .constdata          led_f4discovery.o
    0x08003e88   0x00000068   Data   RO          245    .constdata          i2c_stm32f4xx.o
    0x08003ef0   0x00000088   Data   RO          420    .constdata          usart_stm32f4xx.o
    0x08003f78   0x00000008   Data   RO          927    .constdata          stm32f4xx_hal_dma.o
    0x08003f80   0x00000018   Data   RO         2192    .constdata          system_stm32f4xx.o
    0x08003f98   0x00000020   Data   RO         2436    Region$$Table       anon$$obj.o


    Execution Region RW_IRAM1 (Base: 0x20000000, Size: 0x000006e0, Max: 0x00020000, ABSOLUTE)

    Base Addr    Size         Type   Attr      Idx    E Section Name        Object

    0x20000000   0x00000009   Data   RW          616    .data               stm32f4xx_hal.o
    0x20000009   0x00000003   PAD
    0x2000000c   0x00000004   Data   RW         2193    .data               system_stm32f4xx.o
    0x20000010   0x0000000a   Zero   RW            7    .bss                mainprojet.o
    0x2000001a   0x00000002   PAD
    0x2000001c   0x00000028   Zero   RW          244    .bss                i2c_stm32f4xx.o
    0x20000044   0x00000038   Zero   RW          419    .bss                usart_stm32f4xx.o
    0x2000007c   0x00000060   Zero   RW         2310    .bss                c_w.l(libspace.o)
    0x200000dc   0x00000004   PAD
    0x200000e0   0x00000200   Zero   RW         2181    HEAP                startup_stm32f407xx.o
    0x200002e0   0x00000400   Zero   RW         2180    STACK               startup_stm32f407xx.o


==============================================================================

Image component sizes


      Code (inc. data)   RO Data    RW Data    ZI Data      Debug   Object Name

      5856        166        104          0         40      24952   i2c_stm32f4xx.o
       164         16         32          0          0     585240   led_f4discovery.o
       764        140          0          0         10      17401   mainprojet.o
        64         26        392          0       1536        852   startup_stm32f407xx.o
        52         10          0          9          0       2957   stm32f4xx_hal.o
       144         12          0          0          0      32389   stm32f4xx_hal_cortex.o
       830         10          8          0          0       5574   stm32f4xx_hal_dma.o
       896         86          0          0          0       4105   stm32f4xx_hal_gpio.o
        44         16          0          0          0       1221   stm32f4xx_hal_rcc.o
       100         18         24          4          0       1287   system_stm32f4xx.o
      5772        220        136          0         56      58430   usart_stm32f4xx.o

    ----------------------------------------------------------------------
     14700        720        728         16       1644     734408   Object Totals
         0          0         32          0          0          0   (incl. Generated)
        14          0          0          3          2          0   (incl. Padding)

    ----------------------------------------------------------------------

      Code (inc. data)   RO Data    RW Data    ZI Data      Debug   Library Member Name

         8          0          0          0          0         68   __main.o
       104          0          0          0          0         84   __printf.o
         0          0          0          0          0          0   __rtentry.o
        12          0          0          0          0          0   __rtentry2.o
         6          0          0          0          0          0   __rtentry4.o
        52          8          0          0          0          0   __scatter.o
        26          0          0          0          0          0   __scatter_copy.o
        28          0          0          0          0          0   __scatter_zi.o
        48          6          0          0          0         96   _printf_char_common.o
         6          0          0          0          0          0   _printf_d.o
       120         16          0          0          0         92   _printf_dec.o
       178          0          0          0          0         88   _printf_intcommon.o
         0          0          0          0          0          0   _printf_percent.o
         4          0          0          0          0          0   _printf_percent_end.o
        10          0          0          0          0         68   _sputc.o
        18          0          0          0          0         80   exit.o
         6          0          0          0          0        152   heapauxi.o
         0          0          0          0          0          0   indicate_semi.o
         2          0          0          0          0          0   libinit.o
         6          0          0          0          0          0   libinit2.o
         2          0          0          0          0          0   libshutdown.o
         2          0          0          0          0          0   libshutdown2.o
         8          4          0          0         96         68   libspace.o
        40          6          0          0          0         84   noretval__2sprintf.o
        78          0          0          0          0         80   rt_memclr_w.o
         2          0          0          0          0          0   rtexit.o
        10          0          0          0          0          0   rtexit2.o
        12          4          0          0          0         68   sys_exit.o
        74          0          0          0          0         80   sys_stackheap_outer.o
         2          0          0          0          0         68   use_no_semi.o
        10          0          0          0          0        116   fpinit.o

    ----------------------------------------------------------------------
       884         44          0          0        100       1292   Library Totals
        10          0          0          0          4          0   (incl. Padding)

    ----------------------------------------------------------------------

      Code (inc. data)   RO Data    RW Data    ZI Data      Debug   Library Name

       864         44          0          0         96       1176   c_w.l
        10          0          0          0          0        116   fz_wm.l

    ----------------------------------------------------------------------
       884         44          0          0        100       1292   Library Totals

    ----------------------------------------------------------------------

==============================================================================


      Code (inc. data)   RO Data    RW Data    ZI Data      Debug   

     15584        764        728         16       1744     727180   Grand Totals
     15584        764        728         16       1744     727180   ELF Image Totals
     15584        764        728         16          0          0   ROM Totals

==============================================================================

    Total RO  Size (Code + RO Data)                16312 (  15.93kB)
    Total RW  Size (RW Data + ZI Data)              1760 (   1.72kB)
    Total ROM Size (Code + RO Data + RW Data)      16328 (  15.95kB)

==============================================================================

